
Optional file libmchp_peripheral.a not found

Optional file libmchp_peripheral_32MX795F512L.a not found
Archive member included to satisfy reference by file (symbol)

c:/program files/microchip/xc32/v4.00/bin/bin/../../lib/gcc/pic32mx/8.3.1\libgcc.a(floatunsisf.o)
                              build/default/debug/_ext/513455433/plib_i2c1_master.o (__floatunsisf)
c:/program files/microchip/xc32/v4.00/bin/bin/../../lib/gcc/pic32mx/8.3.1/../../../../pic32mx/lib\libpic32.a(memcpy.o)
                              build/default/debug/_ext/404212886/queue.o (memcpy)
c:/program files/microchip/xc32/v4.00/bin/bin/../../lib/gcc/pic32mx/8.3.1/../../../../pic32mx/lib\libpic32.a(memset.o)
                              build/default/debug/_ext/404212886/FreeRTOS_tasks.o (memset)
c:/program files/microchip/xc32/v4.00/bin/bin/../../lib/gcc/pic32mx/8.3.1/../../../../pic32mx/lib\libpic32.a(default-on-reset.o)
                              C:\Users\anton\AppData\Local\Temp\cc8eNEWt.o (_on_reset)
c:/program files/microchip/xc32/v4.00/bin/bin/../../lib/gcc/pic32mx/8.3.1/../../../../pic32mx/lib\libpic32.a(default-on-bootstrap.o)
                              C:\Users\anton\AppData\Local\Temp\cc8eNEWt.o (_on_bootstrap)
c:/program files/microchip/xc32/v4.00/bin/bin/../../lib/gcc/pic32mx/8.3.1/../../../../pic32mx/lib\libpic32.a(default-nmi-handler.o)
                              C:\Users\anton\AppData\Local\Temp\cc8eNEWt.o (_nmi_handler)
c:/program files/microchip/xc32/v4.00/bin/bin/../../lib/gcc/pic32mx/8.3.1/../../../../pic32mx/lib\libpic32.a(pic32_data_init.o)
                              C:\Users\anton\AppData\Local\Temp\cc8eNEWt.o (__pic32_data_init)
c:/program files/microchip/xc32/v4.00/bin/bin/../../lib/gcc/pic32mx/8.3.1/../../../../pic32mx/lib\libpic32.a(general-exception.o)
                              C:\Users\anton\AppData\Local\Temp\cc8eNEWt.o (_general_exception_context)
c:/program files/microchip/xc32/v4.00/bin/bin/../../lib/gcc/pic32mx/8.3.1/../../../../pic32mx/lib\libpic32.a(vector0.o)
                              C:\Users\anton\AppData\Local\Temp\ccet5Wo3.o (__vector_dispatch_0)
c:/program files/microchip/xc32/v4.00/bin/bin/../../lib/gcc/pic32mx/8.3.1/../../../../pic32mx/lib\libpic32.a(vector2.o)
                              C:\Users\anton\AppData\Local\Temp\ccet5Wo3.o (__vector_dispatch_2)
c:/program files/microchip/xc32/v4.00/bin/bin/../../lib/gcc/pic32mx/8.3.1/../../../../pic32mx/lib\libpic32.a(vector3.o)
                              C:\Users\anton\AppData\Local\Temp\ccet5Wo3.o (__vector_dispatch_3)
c:/program files/microchip/xc32/v4.00/bin/bin/../../lib/gcc/pic32mx/8.3.1/../../../../pic32mx/lib\libpic32.a(vector5.o)
                              C:\Users\anton\AppData\Local\Temp\ccet5Wo3.o (__vector_dispatch_5)
c:/program files/microchip/xc32/v4.00/bin/bin/../../lib/gcc/pic32mx/8.3.1/../../../../pic32mx/lib\libpic32.a(vector6.o)
                              C:\Users\anton\AppData\Local\Temp\ccet5Wo3.o (__vector_dispatch_6)
c:/program files/microchip/xc32/v4.00/bin/bin/../../lib/gcc/pic32mx/8.3.1/../../../../pic32mx/lib\libpic32.a(vector7.o)
                              C:\Users\anton\AppData\Local\Temp\ccet5Wo3.o (__vector_dispatch_7)
c:/program files/microchip/xc32/v4.00/bin/bin/../../lib/gcc/pic32mx/8.3.1/../../../../pic32mx/lib\libpic32.a(vector8.o)
                              C:\Users\anton\AppData\Local\Temp\ccet5Wo3.o (__vector_dispatch_8)
c:/program files/microchip/xc32/v4.00/bin/bin/../../lib/gcc/pic32mx/8.3.1/../../../../pic32mx/lib\libpic32.a(vector9.o)
                              C:\Users\anton\AppData\Local\Temp\ccet5Wo3.o (__vector_dispatch_9)
c:/program files/microchip/xc32/v4.00/bin/bin/../../lib/gcc/pic32mx/8.3.1/../../../../pic32mx/lib\libpic32.a(vector10.o)
                              C:\Users\anton\AppData\Local\Temp\ccet5Wo3.o (__vector_dispatch_10)
c:/program files/microchip/xc32/v4.00/bin/bin/../../lib/gcc/pic32mx/8.3.1/../../../../pic32mx/lib\libpic32.a(vector11.o)
                              C:\Users\anton\AppData\Local\Temp\ccet5Wo3.o (__vector_dispatch_11)
c:/program files/microchip/xc32/v4.00/bin/bin/../../lib/gcc/pic32mx/8.3.1/../../../../pic32mx/lib\libpic32.a(vector12.o)
                              C:\Users\anton\AppData\Local\Temp\ccet5Wo3.o (__vector_dispatch_12)
c:/program files/microchip/xc32/v4.00/bin/bin/../../lib/gcc/pic32mx/8.3.1/../../../../pic32mx/lib\libpic32.a(vector13.o)
                              C:\Users\anton\AppData\Local\Temp\ccet5Wo3.o (__vector_dispatch_13)
c:/program files/microchip/xc32/v4.00/bin/bin/../../lib/gcc/pic32mx/8.3.1/../../../../pic32mx/lib\libpic32.a(vector14.o)
                              C:\Users\anton\AppData\Local\Temp\ccet5Wo3.o (__vector_dispatch_14)
c:/program files/microchip/xc32/v4.00/bin/bin/../../lib/gcc/pic32mx/8.3.1/../../../../pic32mx/lib\libpic32.a(vector15.o)
                              C:\Users\anton\AppData\Local\Temp\ccet5Wo3.o (__vector_dispatch_15)
[...]
Memory Configuration

Name             Origin             Length             Attributes
kseg0_data_mem   0x0000000080000000 0x0000000000000200
kseg1_data_mem   0x00000000a0000000 0x0000000000020000 w !x
kseg0_boot_mem   0x000000009fc00490 0x0000000000000970
kseg1_boot_mem   0x00000000bfc00000 0x0000000000000490
kseg0_program_mem 0x000000009d000000 0x0000000000080000 xr
exception_mem    0x000000009fc01000 0x0000000000001000
debug_exec_mem   0x00000000bfc02000 0x0000000000000ff0
config3          0x00000000bfc02ff0 0x0000000000000004
config2          0x00000000bfc02ff4 0x0000000000000004
config1          0x00000000bfc02ff8 0x0000000000000004
config0          0x00000000bfc02ffc 0x0000000000000004
sfrs             0x00000000bf800000 0x0000000000100000
configsfrs       0x00000000bfc02ff0 0x0000000000000010
*default*        0x0000000000000000 0xffffffffffffffff

Linker script and memory map


reserve_data_0_kseg0
                0x0000000080000000      0x200
                0x0000000080000000        0x2 SHORT 0x0
                0x00000000000001fd                . = 0x1fd
 *fill*         0x0000000080000002      0x1fb 
                0x0000000080000200                . = ALIGN (0x4)
 *fill*         0x00000000800001fd        0x3 

reserve_data_0_kseg1
                0x00000000a0000000      0x200
                0x00000000a0000000        0x2 SHORT 0x0
                0x00000000000001fd                . = 0x1fd
 *fill*         0x00000000a0000002      0x1fb 
                0x00000000a0000200                . = ALIGN (0x4)
 *fill*         0x00000000a00001fd        0x3 

reserve_boot_0x1fc02000_kseg0
                0x000000009fc02000      0xff0
                0x000000009fc02000        0x2 SHORT 0x0
                0x0000000000000500                . = 0x500
 *fill*         0x000000009fc02002      0x4fe 
                0x000000009fc02500                . = ALIGN (0x4)
                0x000000009fc02500        0x2 SHORT 0x0
                0x0000000000000ff0                . = 0xff0
 *fill*         0x000000009fc02502      0xaee 
                0x000000009fc02ff0                . = ALIGN (0x4)

reserve_boot_0x1fc02000_kseg1
                0x00000000bfc02000      0xff0
                0x00000000bfc02000        0x2 SHORT 0x0
                0x0000000000000500                . = 0x500
 *fill*         0x00000000bfc02002      0x4fe 
                0x00000000bfc02500                . = ALIGN (0x4)
                0x00000000bfc02500        0x2 SHORT 0x0
                0x0000000000000ff0                . = 0xff0
 *fill*         0x00000000bfc02502      0xaee 
                0x00000000bfc02ff0                . = ALIGN (0x4)
LOAD c:/program files/microchip/xc32/v4.00/bin/bin/../../lib/gcc/pic32mx/8.3.1/../../../../pic32mx/lib\software-debug-break.o
LOAD build/default/debug/_ext/60163342/plib_adc.o
LOAD build/default/debug/_ext/60165520/plib_clk.o
LOAD build/default/debug/_ext/1865200349/plib_evic.o
LOAD build/default/debug/_ext/1865254177/plib_gpio.o
LOAD build/default/debug/_ext/513455433/plib_i2c1_master.o
LOAD build/default/debug/_ext/163028504/xc32_monitor.o
LOAD build/default/debug/_ext/1171490990/initialization.o
LOAD build/default/debug/_ext/1171490990/interrupts.o
LOAD build/default/debug/_ext/1171490990/exceptions.o
LOAD build/default/debug/_ext/1171490990/freertos_hooks.o
LOAD build/default/debug/_ext/1171490990/interrupts_a.o
LOAD build/default/debug/_ext/1171490990/tasks.o
LOAD build/default/debug/_ext/1665200909/heap_1.o
LOAD build/default/debug/_ext/951553248/port.o
LOAD build/default/debug/_ext/951553248/port_asm.o
LOAD build/default/debug/_ext/404212886/croutine.o
LOAD build/default/debug/_ext/404212886/list.o
LOAD build/default/debug/_ext/404212886/queue.o
LOAD build/default/debug/_ext/404212886/FreeRTOS_tasks.o
LOAD build/default/debug/_ext/404212886/timers.o
LOAD build/default/debug/_ext/404212886/event_groups.o
LOAD build/default/debug/_ext/404212886/stream_buffer.o
LOAD build/default/debug/_ext/1360937237/main.o
LOAD build/default/debug/_ext/1360937237/temistor.o
LOAD build/default/debug/_ext/1360937237/leds.o
LOAD build/default/debug/_ext/1360937237/dados.o
LOAD build/default/debug/_ext/1360937237/controlaaquecedor.o
LOAD build/default/debug/_ext/1360937237/erro.o
                0x0000000000000001                __MPLAB_BUILD = 0x1
                0x0000000000000400                PROVIDE (_min_stack_size = 0x400)
START GROUP
LOAD libmchp_peripheral.a
END GROUP
START GROUP
LOAD libmchp_peripheral_32MX795F512L.a
END GROUP
                0x0000000000000001                PROVIDE (_vector_spacing = 0x1)
                0x000000009fc01000                PROVIDE (_ebase_address = 0x9fc01000)
                0x00000000bfc00000                _RESET_ADDR = 0xbfc00000
                0x00000000bfc00380                _BEV_EXCPT_ADDR = 0xbfc00380
                0x00000000bfc00480                _DBG_EXCPT_ADDR = 0xbfc00480
                0x00000000bfc02000                _DBG_CODE_ADDR = 0xbfc02000
                0x0000000000000ff0                _DBG_CODE_SIZE = 0xff0
                0x000000009fc01180                _GEN_EXCPT_ADDR = (_ebase_address + 0x180)

.config_BFC02FF0
                0x00000000bfc02ff0        0x4
 *(.config_BFC02FF0)
 .config_BFC02FF0
                0x00000000bfc02ff0        0x4 build/default/debug/_ext/1171490990/initialization.o
                0x00000000bfc02ff0                __config_BFC02FF0

.config_BFC02FF4
                0x00000000bfc02ff4        0x4
 *(.config_BFC02FF4)
 .config_BFC02FF4
                0x00000000bfc02ff4        0x4 build/default/debug/_ext/1171490990/initialization.o
                0x00000000bfc02ff4                __config_BFC02FF4

.config_BFC02FF8
                0x00000000bfc02ff8        0x4
 *(.config_BFC02FF8)
 .config_BFC02FF8
                0x00000000bfc02ff8        0x4 build/default/debug/_ext/1171490990/initialization.o
                0x00000000bfc02ff8                __config_BFC02FF8

.config_BFC02FFC
                0x00000000bfc02ffc        0x4
 *(.config_BFC02FFC)
 .config_BFC02FFC
                0x00000000bfc02ffc        0x4 build/default/debug/_ext/1171490990/initialization.o
                0x00000000bfc02ffc                __config_BFC02FFC

.reset          0x00000000bfc00000      0x19c
 *(.reset)
 .reset         0x00000000bfc00000        0x8 C:\Users\anton\AppData\Local\Temp\cc8eNEWt.o
                0x00000000bfc00000                _reset
 *(.reset.startup)
 .reset.startup
                0x00000000bfc00008      0x194 C:\Users\anton\AppData\Local\Temp\cc8eNEWt.o
                0x00000000bfc00008                _startup

.bev_excpt      0x00000000bfc00380       0x10
 *(.bev_handler)
 .bev_handler   0x00000000bfc00380       0x10 C:\Users\anton\AppData\Local\Temp\cc8eNEWt.o

.dbg_excpt      0x00000000bfc00480        0x0
                0x00000000bfc00480                . = (. + DEFINED (_DEBUGGER)?0x8:0x0)

.dbg_code       0x00000000bfc02000        0x0
                0x00000000bfc02000                . = (. + DEFINED (_DEBUGGER)?_DBG_CODE_SIZE:0x0)

.app_excpt      0x000000009fc01180       0x10
 *(.gen_handler)
 .gen_handler   0x000000009fc01180       0x10 C:\Users\anton\AppData\Local\Temp\cc8eNEWt.o

.vector_0       0x000000009fc01200        0x8
 *(.vector_0)
 .vector_0      0x000000009fc01200        0x8 c:/program files/microchip/xc32/v4.00/bin/bin/../../lib/gcc/pic32mx/8.3.1/../../../../pic32mx/lib\libpic32.a(vector0.o)
                0x000000009fc01200                __vector_dispatch_0
                0x0000000000000001                ASSERT (((_vector_spacing == 0x0) || (SIZEOF (.vector_0) <= (_vector_spacing << 0x5))), function at exception vector 0 too large)

.vector_1       0x000000009fc01220        0x8
 *(.vector_1)
 .vector_1      0x000000009fc01220        0x8 build/default/debug/_ext/951553248/port.o
                0x000000009fc01220                __vector_dispatch_1
                0x0000000000000001                ASSERT (((_vector_spacing == 0x0) || (SIZEOF (.vector_1) <= (_vector_spacing << 0x5))), function at exception vector 1 too large)

.vector_2       0x000000009fc01240        0x8
 *(.vector_2)
 .vector_2      0x000000009fc01240        0x8 c:/program files/microchip/xc32/v4.00/bin/bin/../../lib/gcc/pic32mx/8.3.1/../../../../pic32mx/lib\libpic32.a(vector2.o)
                0x000000009fc01240                __vector_dispatch_2
                0x0000000000000001                ASSERT (((_vector_spacing == 0x0) || (SIZEOF (.vector_2) <= (_vector_spacing << 0x5))), function at exception vector 2 too large)

.vector_3       0x000000009fc01260        0x8
 *(.vector_3)
 .vector_3      0x000000009fc01260        0x8 c:/program files/microchip/xc32/v4.00/bin/bin/../../lib/gcc/pic32mx/8.3.1/../../../../pic32mx/lib\libpic32.a(vector3.o)
                0x000000009fc01260                __vector_dispatch_3
                0x0000000000000001                ASSERT (((_vector_spacing == 0x0) || (SIZEOF (.vector_3) <= (_vector_spacing << 0x5))), function at exception vector 3 too large)

.vector_4       0x000000009fc01280        0x8
 *(.vector_4)
 .vector_4      0x000000009fc01280        0x8 build/default/debug/_ext/951553248/port.o
                0x000000009fc01280                __vector_dispatch_4
                0x0000000000000001                ASSERT (((_vector_spacing == 0x0) || (SIZEOF (.vector_4) <= (_vector_spacing << 0x5))), function at exception vector 4 too large)

.vector_5       0x000000009fc012a0        0x8
 *(.vector_5)
 .vector_5      0x000000009fc012a0        0x8 c:/program files/microchip/xc32/v4.00/bin/bin/../../lib/gcc/pic32mx/8.3.1/../../../../pic32mx/lib\libpic32.a(vector5.o)
                0x000000009fc012a0                __vector_dispatch_5
                0x0000000000000001                ASSERT (((_vector_spacing == 0x0) || (SIZEOF (.vector_5) <= (_vector_spacing << 0x5))), function at exception vector 5 too large)

.vector_6       0x000000009fc012c0        0x8
 *(.vector_6)
 .vector_6      0x000000009fc012c0        0x8 c:/program files/microchip/xc32/v4.00/bin/bin/../../lib/gcc/pic32mx/8.3.1/../../../../pic32mx/lib\libpic32.a(vector6.o)
                0x000000009fc012c0                __vector_dispatch_6
                0x0000000000000001                ASSERT (((_vector_spacing == 0x0) || (SIZEOF (.vector_6) <= (_vector_spacing << 0x5))), function at exception vector 6 too large)

.vector_7       0x000000009fc012e0        0x8
 *(.vector_7)
 .vector_7      0x000000009fc012e0        0x8 c:/program files/microchip/xc32/v4.00/bin/bin/../../lib/gcc/pic32mx/8.3.1/../../../../pic32mx/lib\libpic32.a(vector7.o)
                0x000000009fc012e0                __vector_dispatch_7
                0x0000000000000001                ASSERT (((_vector_spacing == 0x0) || (SIZEOF (.vector_7) <= (_vector_spacing << 0x5))), function at exception vector 7 too large)

.vector_8       0x000000009fc01300        0x8
 *(.vector_8)
 .vector_8      0x000000009fc01300        0x8 c:/program files/microchip/xc32/v4.00/bin/bin/../../lib/gcc/pic32mx/8.3.1/../../../../pic32mx/lib\libpic32.a(vector8.o)
                0x000000009fc01300                __vector_dispatch_8
                0x0000000000000001                ASSERT (((_vector_spacing == 0x0) || (SIZEOF (.vector_8) <= (_vector_spacing << 0x5))), function at exception vector 8 too large)

.vector_9       0x000000009fc01320        0x8
 *(.vector_9)
 .vector_9      0x000000009fc01320        0x8 c:/program files/microchip/xc32/v4.00/bin/bin/../../lib/gcc/pic32mx/8.3.1/../../../../pic32mx/lib\libpic32.a(vector9.o)
                0x000000009fc01320                __vector_dispatch_9
                0x0000000000000001                ASSERT (((_vector_spacing == 0x0) || (SIZEOF (.vector_9) <= (_vector_spacing << 0x5))), function at exception vector 9 too large)

.vector_10      0x000000009fc01340        0x8
 *(.vector_10)
 .vector_10     0x000000009fc01340        0x8 c:/program files/microchip/xc32/v4.00/bin/bin/../../lib/gcc/pic32mx/8.3.1/../../../../pic32mx/lib\libpic32.a(vector10.o)
                0x000000009fc01340                __vector_dispatch_10
                0x0000000000000001                ASSERT (((_vector_spacing == 0x0) || (SIZEOF (.vector_10) <= (_vector_spacing << 0x5))), function at exception vector 10 too large)

.vector_11      0x000000009fc01360        0x8
 *(.vector_11)
 .vector_11     0x000000009fc01360        0x8 c:/program files/microchip/xc32/v4.00/bin/bin/../../lib/gcc/pic32mx/8.3.1/../../../../pic32mx/lib\libpic32.a(vector11.o)
                0x000000009fc01360                __vector_dispatch_11
                0x0000000000000001                ASSERT (((_vector_spacing == 0x0) || (SIZEOF (.vector_11) <= (_vector_spacing << 0x5))), function at exception vector 11 too large)

.vector_12      0x000000009fc01380        0x8
 *(.vector_12)
 .vector_12     0x000000009fc01380        0x8 c:/program files/microchip/xc32/v4.00/bin/bin/../../lib/gcc/pic32mx/8.3.1/../../../../pic32mx/lib\libpic32.a(vector12.o)
                0x000000009fc01380                __vector_dispatch_12
                0x0000000000000001                ASSERT (((_vector_spacing == 0x0) || (SIZEOF (.vector_12) <= (_vector_spacing << 0x5))), function at exception vector 12 too large)

.vector_13      0x000000009fc013a0        0x8
 *(.vector_13)
 .vector_13     0x000000009fc013a0        0x8 c:/program files/microchip/xc32/v4.00/bin/bin/../../lib/gcc/pic32mx/8.3.1/../../../../pic32mx/lib\libpic32.a(vector13.o)
                0x000000009fc013a0                __vector_dispatch_13
                0x0000000000000001                ASSERT (((_vector_spacing == 0x0) || (SIZEOF (.vector_13) <= (_vector_spacing << 0x5))), function at exception vector 13 too large)

.vector_14      0x000000009fc013c0        0x8
 *(.vector_14)
 .vector_14     0x000000009fc013c0        0x8 c:/program files/microchip/xc32/v4.00/bin/bin/../../lib/gcc/pic32mx/8.3.1/../../../../pic32mx/lib\libpic32.a(vector14.o)
                0x000000009fc013c0                __vector_dispatch_14
                0x0000000000000001                ASSERT (((_vector_spacing == 0x0) || (SIZEOF (.vector_14) <= (_vector_spacing << 0x5))), function at exception vector 14 too large)

.vector_15      0x000000009fc013e0        0x8
 *(.vector_15)
 .vector_15     0x000000009fc013e0        0x8 c:/program files/microchip/xc32/v4.00/bin/bin/../../lib/gcc/pic32mx/8.3.1/../../../../pic32mx/lib\libpic32.a(vector15.o)
                0x000000009fc013e0                __vector_dispatch_15
                0x0000000000000001                ASSERT (((_vector_spacing == 0x0) || (SIZEOF (.vector_15) <= (_vector_spacing << 0x5))), function at exception vector 15 too large)

.vector_16      0x000000009fc01400        0x8
 *(.vector_16)
 .vector_16     0x000000009fc01400        0x8 c:/program files/microchip/xc32/v4.00/bin/bin/../../lib/gcc/pic32mx/8.3.1/../../../../pic32mx/lib\libpic32.a(vector16.o)
                0x000000009fc01400                __vector_dispatch_16
                0x0000000000000001                ASSERT (((_vector_spacing == 0x0) || (SIZEOF (.vector_16) <= (_vector_spacing << 0x5))), function at exception vector 16 too large)

.vector_17      0x000000009fc01420        0x8
 *(.vector_17)
 .vector_17     0x000000009fc01420        0x8 c:/program files/microchip/xc32/v4.00/bin/bin/../../lib/gcc/pic32mx/8.3.1/../../../../pic32mx/lib\libpic32.a(vector17.o)
                0x000000009fc01420                __vector_dispatch_17
                0x0000000000000001                ASSERT (((_vector_spacing == 0x0) || (SIZEOF (.vector_17) <= (_vector_spacing << 0x5))), function at exception vector 17 too large)

.vector_18      0x000000009fc01440        0x8
 *(.vector_18)
 .vector_18     0x000000009fc01440        0x8 c:/program files/microchip/xc32/v4.00/bin/bin/../../lib/gcc/pic32mx/8.3.1/../../../../pic32mx/lib\libpic32.a(vector18.o)
                0x000000009fc01440                __vector_dispatch_18
                0x0000000000000001                ASSERT (((_vector_spacing == 0x0) || (SIZEOF (.vector_18) <= (_vector_spacing << 0x5))), function at exception vector 18 too large)

.vector_19      0x000000009fc01460        0x8
 *(.vector_19)
 .vector_19     0x000000009fc01460        0x8 c:/program files/microchip/xc32/v4.00/bin/bin/../../lib/gcc/pic32mx/8.3.1/../../../../pic32mx/lib\libpic32.a(vector19.o)
                0x000000009fc01460                __vector_dispatch_19
                0x0000000000000001                ASSERT (((_vector_spacing == 0x0) || (SIZEOF (.vector_19) <= (_vector_spacing << 0x5))), function at exception vector 19 too large)

.vector_20      0x000000009fc01480        0x8
 *(.vector_20)
 .vector_20     0x000000009fc01480        0x8 c:/program files/microchip/xc32/v4.00/bin/bin/../../lib/gcc/pic32mx/8.3.1/../../../../pic32mx/lib\libpic32.a(vector20.o)
                0x000000009fc01480                __vector_dispatch_20
                0x0000000000000001                ASSERT (((_vector_spacing == 0x0) || (SIZEOF (.vector_20) <= (_vector_spacing << 0x5))), function at exception vector 20 too large)

.vector_21      0x000000009fc014a0        0x8
 *(.vector_21)
 .vector_21     0x000000009fc014a0        0x8 c:/program files/microchip/xc32/v4.00/bin/bin/../../lib/gcc/pic32mx/8.3.1/../../../../pic32mx/lib\libpic32.a(vector21.o)
                0x000000009fc014a0                __vector_dispatch_21
                0x0000000000000001                ASSERT (((_vector_spacing == 0x0) || (SIZEOF (.vector_21) <= (_vector_spacing << 0x5))), function at exception vector 21 too large)

.vector_22      0x000000009fc014c0        0x8
 *(.vector_22)
 .vector_22     0x000000009fc014c0        0x8 c:/program files/microchip/xc32/v4.00/bin/bin/../../lib/gcc/pic32mx/8.3.1/../../../../pic32mx/lib\libpic32.a(vector22.o)
                0x000000009fc014c0                __vector_dispatch_22
                0x0000000000000001                ASSERT (((_vector_spacing == 0x0) || (SIZEOF (.vector_22) <= (_vector_spacing << 0x5))), function at exception vector 22 too large)

.vector_23      0x000000009fc014e0        0x8
 *(.vector_23)
 .vector_23     0x000000009fc014e0        0x8 c:/program files/microchip/xc32/v4.00/bin/bin/../../lib/gcc/pic32mx/8.3.1/../../../../pic32mx/lib\libpic32.a(vector23.o)
                0x000000009fc014e0                __vector_dispatch_23
                0x0000000000000001                ASSERT (((_vector_spacing == 0x0) || (SIZEOF (.vector_23) <= (_vector_spacing << 0x5))), function at exception vector 23 too large)

.vector_24      0x000000009fc01500        0x8
 *(.vector_24)
 .vector_24     0x000000009fc01500        0x8 c:/program files/microchip/xc32/v4.00/bin/bin/../../lib/gcc/pic32mx/8.3.1/../../../../pic32mx/lib\libpic32.a(vector24.o)
                0x000000009fc01500                __vector_dispatch_24
                0x0000000000000001                ASSERT (((_vector_spacing == 0x0) || (SIZEOF (.vector_24) <= (_vector_spacing << 0x5))), function at exception vector 24 too large)

.vector_25      0x000000009fc01520       0x10
 *(.vector_25)
 .vector_25     0x000000009fc01520       0x10 build/default/debug/_ext/1171490990/interrupts_a.o
                0x000000009fc01520                __vector_dispatch_25
                0x0000000000000001                ASSERT (((_vector_spacing == 0x0) || (SIZEOF (.vector_25) <= (_vector_spacing << 0x5))), function at exception vector 25 too large)

.vector_26      0x000000009fc01540        0x8
 *(.vector_26)
 .vector_26     0x000000009fc01540        0x8 c:/program files/microchip/xc32/v4.00/bin/bin/../../lib/gcc/pic32mx/8.3.1/../../../../pic32mx/lib\libpic32.a(vector26.o)
                0x000000009fc01540                __vector_dispatch_26
                0x0000000000000001                ASSERT (((_vector_spacing == 0x0) || (SIZEOF (.vector_26) <= (_vector_spacing << 0x5))), function at exception vector 26 too large)

.vector_27      0x000000009fc01560        0x8
 *(.vector_27)
 .vector_27     0x000000009fc01560        0x8 c:/program files/microchip/xc32/v4.00/bin/bin/../../lib/gcc/pic32mx/8.3.1/../../../../pic32mx/lib\libpic32.a(vector27.o)
                0x000000009fc01560                __vector_dispatch_27
                0x0000000000000001                ASSERT (((_vector_spacing == 0x0) || (SIZEOF (.vector_27) <= (_vector_spacing << 0x5))), function at exception vector 27 too large)

.vector_28      0x000000009fc01580        0x8
 *(.vector_28)
 .vector_28     0x000000009fc01580        0x8 c:/program files/microchip/xc32/v4.00/bin/bin/../../lib/gcc/pic32mx/8.3.1/../../../../pic32mx/lib\libpic32.a(vector28.o)
                0x000000009fc01580                __vector_dispatch_28
                0x0000000000000001                ASSERT (((_vector_spacing == 0x0) || (SIZEOF (.vector_28) <= (_vector_spacing << 0x5))), function at exception vector 28 too large)

.vector_29      0x000000009fc015a0        0x8
 *(.vector_29)
 .vector_29     0x000000009fc015a0        0x8 c:/program files/microchip/xc32/v4.00/bin/bin/../../lib/gcc/pic32mx/8.3.1/../../../../pic32mx/lib\libpic32.a(vector29.o)
                0x000000009fc015a0                __vector_dispatch_29
                0x0000000000000001                ASSERT (((_vector_spacing == 0x0) || (SIZEOF (.vector_29) <= (_vector_spacing << 0x5))), function at exception vector 29 too large)

.vector_30      0x000000009fc015c0        0x8
 *(.vector_30)
 .vector_30     0x000000009fc015c0        0x8 c:/program files/microchip/xc32/v4.00/bin/bin/../../lib/gcc/pic32mx/8.3.1/../../../../pic32mx/lib\libpic32.a(vector30.o)
                0x000000009fc015c0                __vector_dispatch_30
                0x0000000000000001                ASSERT (((_vector_spacing == 0x0) || (SIZEOF (.vector_30) <= (_vector_spacing << 0x5))), function at exception vector 30 too large)

.vector_31      0x000000009fc015e0        0x8
 *(.vector_31)
 .vector_31     0x000000009fc015e0        0x8 c:/program files/microchip/xc32/v4.00/bin/bin/../../lib/gcc/pic32mx/8.3.1/../../../../pic32mx/lib\libpic32.a(vector31.o)
                0x000000009fc015e0                __vector_dispatch_31
                0x0000000000000001                ASSERT (((_vector_spacing == 0x0) || (SIZEOF (.vector_31) <= (_vector_spacing << 0x5))), function at exception vector 31 too large)

.vector_32      0x000000009fc01600        0x8
 *(.vector_32)
 .vector_32     0x000000009fc01600        0x8 c:/program files/microchip/xc32/v4.00/bin/bin/../../lib/gcc/pic32mx/8.3.1/../../../../pic32mx/lib\libpic32.a(vector32.o)
                0x000000009fc01600                __vector_dispatch_32
                0x0000000000000001                ASSERT (((_vector_spacing == 0x0) || (SIZEOF (.vector_32) <= (_vector_spacing << 0x5))), function at exception vector 32 too large)

.vector_33      0x000000009fc01620        0x8
 *(.vector_33)
 .vector_33     0x000000009fc01620        0x8 c:/program files/microchip/xc32/v4.00/bin/bin/../../lib/gcc/pic32mx/8.3.1/../../../../pic32mx/lib\libpic32.a(vector33.o)
                0x000000009fc01620                __vector_dispatch_33
                0x0000000000000001                ASSERT (((_vector_spacing == 0x0) || (SIZEOF (.vector_33) <= (_vector_spacing << 0x5))), function at exception vector 33 too large)

.vector_34      0x000000009fc01640        0x8
 *(.vector_34)
 .vector_34     0x000000009fc01640        0x8 c:/program files/microchip/xc32/v4.00/bin/bin/../../lib/gcc/pic32mx/8.3.1/../../../../pic32mx/lib\libpic32.a(vector34.o)
                0x000000009fc01640                __vector_dispatch_34
                0x0000000000000001                ASSERT (((_vector_spacing == 0x0) || (SIZEOF (.vector_34) <= (_vector_spacing << 0x5))), function at exception vector 34 too large)

.vector_35      0x000000009fc01660        0x8
 *(.vector_35)
 .vector_35     0x000000009fc01660        0x8 c:/program files/microchip/xc32/v4.00/bin/bin/../../lib/gcc/pic32mx/8.3.1/../../../../pic32mx/lib\libpic32.a(vector35.o)
                0x000000009fc01660                __vector_dispatch_35
                0x0000000000000001                ASSERT (((_vector_spacing == 0x0) || (SIZEOF (.vector_35) <= (_vector_spacing << 0x5))), function at exception vector 35 too large)

.vector_36      0x000000009fc01680        0x8
 *(.vector_36)
 .vector_36     0x000000009fc01680        0x8 c:/program files/microchip/xc32/v4.00/bin/bin/../../lib/gcc/pic32mx/8.3.1/../../../../pic32mx/lib\libpic32.a(vector36.o)
                0x000000009fc01680                __vector_dispatch_36
                0x0000000000000001                ASSERT (((_vector_spacing == 0x0) || (SIZEOF (.vector_36) <= (_vector_spacing << 0x5))), function at exception vector 36 too large)

.vector_37      0x000000009fc016a0        0x8
 *(.vector_37)
 .vector_37     0x000000009fc016a0        0x8 c:/program files/microchip/xc32/v4.00/bin/bin/../../lib/gcc/pic32mx/8.3.1/../../../../pic32mx/lib\libpic32.a(vector37.o)
                0x000000009fc016a0                __vector_dispatch_37
                0x0000000000000001                ASSERT (((_vector_spacing == 0x0) || (SIZEOF (.vector_37) <= (_vector_spacing << 0x5))), function at exception vector 37 too large)

.vector_38      0x000000009fc016c0        0x8
 *(.vector_38)
 .vector_38     0x000000009fc016c0        0x8 c:/program files/microchip/xc32/v4.00/bin/bin/../../lib/gcc/pic32mx/8.3.1/../../../../pic32mx/lib\libpic32.a(vector38.o)
                0x000000009fc016c0                __vector_dispatch_38
                0x0000000000000001                ASSERT (((_vector_spacing == 0x0) || (SIZEOF (.vector_38) <= (_vector_spacing << 0x5))), function at exception vector 38 too large)

.vector_39      0x000000009fc016e0        0x8
 *(.vector_39)
 .vector_39     0x000000009fc016e0        0x8 c:/program files/microchip/xc32/v4.00/bin/bin/../../lib/gcc/pic32mx/8.3.1/../../../../pic32mx/lib\libpic32.a(vector39.o)
                0x000000009fc016e0                __vector_dispatch_39
                0x0000000000000001                ASSERT (((_vector_spacing == 0x0) || (SIZEOF (.vector_39) <= (_vector_spacing << 0x5))), function at exception vector 39 too large)

.vector_40      0x000000009fc01700        0x8
 *(.vector_40)
 .vector_40     0x000000009fc01700        0x8 c:/program files/microchip/xc32/v4.00/bin/bin/../../lib/gcc/pic32mx/8.3.1/../../../../pic32mx/lib\libpic32.a(vector40.o)
                0x000000009fc01700                __vector_dispatch_40
                0x0000000000000001                ASSERT (((_vector_spacing == 0x0) || (SIZEOF (.vector_40) <= (_vector_spacing << 0x5))), function at exception vector 40 too large)

.vector_41      0x000000009fc01720        0x8
 *(.vector_41)
 .vector_41     0x000000009fc01720        0x8 c:/program files/microchip/xc32/v4.00/bin/bin/../../lib/gcc/pic32mx/8.3.1/../../../../pic32mx/lib\libpic32.a(vector41.o)
                0x000000009fc01720                __vector_dispatch_41
                0x0000000000000001                ASSERT (((_vector_spacing == 0x0) || (SIZEOF (.vector_41) <= (_vector_spacing << 0x5))), function at exception vector 41 too large)

.vector_42      0x000000009fc01740        0x8
 *(.vector_42)
 .vector_42     0x000000009fc01740        0x8 c:/program files/microchip/xc32/v4.00/bin/bin/../../lib/gcc/pic32mx/8.3.1/../../../../pic32mx/lib\libpic32.a(vector42.o)
                0x000000009fc01740                __vector_dispatch_42
                0x0000000000000001                ASSERT (((_vector_spacing == 0x0) || (SIZEOF (.vector_42) <= (_vector_spacing << 0x5))), function at exception vector 42 too large)

.vector_43      0x000000009fc01760        0x8
 *(.vector_43)
 .vector_43     0x000000009fc01760        0x8 c:/program files/microchip/xc32/v4.00/bin/bin/../../lib/gcc/pic32mx/8.3.1/../../../../pic32mx/lib\libpic32.a(vector43.o)
                0x000000009fc01760                __vector_dispatch_43
                0x0000000000000001                ASSERT (((_vector_spacing == 0x0) || (SIZEOF (.vector_43) <= (_vector_spacing << 0x5))), function at exception vector 43 too large)

.vector_44      0x000000009fc01780        0x8
 *(.vector_44)
 .vector_44     0x000000009fc01780        0x8 c:/program files/microchip/xc32/v4.00/bin/bin/../../lib/gcc/pic32mx/8.3.1/../../../../pic32mx/lib\libpic32.a(vector44.o)
                0x000000009fc01780                __vector_dispatch_44
                0x0000000000000001                ASSERT (((_vector_spacing == 0x0) || (SIZEOF (.vector_44) <= (_vector_spacing << 0x5))), function at exception vector 44 too large)

.vector_45      0x000000009fc017a0        0x8
 *(.vector_45)
 .vector_45     0x000000009fc017a0        0x8 c:/program files/microchip/xc32/v4.00/bin/bin/../../lib/gcc/pic32mx/8.3.1/../../../../pic32mx/lib\libpic32.a(vector45.o)
                0x000000009fc017a0                __vector_dispatch_45
                0x0000000000000001                ASSERT (((_vector_spacing == 0x0) || (SIZEOF (.vector_45) <= (_vector_spacing << 0x5))), function at exception vector 45 too large)

.vector_46      0x000000009fc017c0        0x8
 *(.vector_46)
 .vector_46     0x000000009fc017c0        0x8 c:/program files/microchip/xc32/v4.00/bin/bin/../../lib/gcc/pic32mx/8.3.1/../../../../pic32mx/lib\libpic32.a(vector46.o)
                0x000000009fc017c0                __vector_dispatch_46
                0x0000000000000001                ASSERT (((_vector_spacing == 0x0) || (SIZEOF (.vector_46) <= (_vector_spacing << 0x5))), function at exception vector 46 too large)

.vector_47      0x000000009fc017e0        0x8
 *(.vector_47)
 .vector_47     0x000000009fc017e0        0x8 c:/program files/microchip/xc32/v4.00/bin/bin/../../lib/gcc/pic32mx/8.3.1/../../../../pic32mx/lib\libpic32.a(vector47.o)
                0x000000009fc017e0                __vector_dispatch_47
                0x0000000000000001                ASSERT (((_vector_spacing == 0x0) || (SIZEOF (.vector_47) <= (_vector_spacing << 0x5))), function at exception vector 47 too large)

.vector_48      0x000000009fc01800        0x8
 *(.vector_48)
 .vector_48     0x000000009fc01800        0x8 c:/program files/microchip/xc32/v4.00/bin/bin/../../lib/gcc/pic32mx/8.3.1/../../../../pic32mx/lib\libpic32.a(vector48.o)
                0x000000009fc01800                __vector_dispatch_48
                0x0000000000000001                ASSERT (((_vector_spacing == 0x0) || (SIZEOF (.vector_48) <= (_vector_spacing << 0x5))), function at exception vector 48 too large)

.vector_49      0x000000009fc01820        0x8
 *(.vector_49)
 .vector_49     0x000000009fc01820        0x8 c:/program files/microchip/xc32/v4.00/bin/bin/../../lib/gcc/pic32mx/8.3.1/../../../../pic32mx/lib\libpic32.a(vector49.o)
                0x000000009fc01820                __vector_dispatch_49
                0x0000000000000001                ASSERT (((_vector_spacing == 0x0) || (SIZEOF (.vector_49) <= (_vector_spacing << 0x5))), function at exception vector 49 too large)

.vector_50      0x000000009fc01840        0x8
 *(.vector_50)
 .vector_50     0x000000009fc01840        0x8 c:/program files/microchip/xc32/v4.00/bin/bin/../../lib/gcc/pic32mx/8.3.1/../../../../pic32mx/lib\libpic32.a(vector50.o)
                0x000000009fc01840                __vector_dispatch_50
                0x0000000000000001                ASSERT (((_vector_spacing == 0x0) || (SIZEOF (.vector_50) <= (_vector_spacing << 0x5))), function at exception vector 50 too large)

.vector_51      0x000000009fc01860        0x8
 *(.vector_51)
 .vector_51     0x000000009fc01860        0x8 c:/program files/microchip/xc32/v4.00/bin/bin/../../lib/gcc/pic32mx/8.3.1/../../../../pic32mx/lib\libpic32.a(vector51.o)
                0x000000009fc01860                __vector_dispatch_51
                0x0000000000000001                ASSERT (((_vector_spacing == 0x0) || (SIZEOF (.vector_51) <= (_vector_spacing << 0x5))), function at exception vector 51 too large)

.vector_52      0x000000009fc01880        0x0
 *(.vector_52)
                0x0000000000000001                ASSERT (((_vector_spacing == 0x0) || (SIZEOF (.vector_52) <= (_vector_spacing << 0x5))), function at exception vector 52 too large)

.vector_53      0x000000009fc018a0        0x0
 *(.vector_53)
                0x0000000000000001                ASSERT (((_vector_spacing == 0x0) || (SIZEOF (.vector_53) <= (_vector_spacing << 0x5))), function at exception vector 53 too large)

.vector_54      0x000000009fc018c0        0x0
 *(.vector_54)
                0x0000000000000001                ASSERT (((_vector_spacing == 0x0) || (SIZEOF (.vector_54) <= (_vector_spacing << 0x5))), function at exception vector 54 too large)

.vector_55      0x000000009fc018e0        0x0
 *(.vector_55)
                0x0000000000000001                ASSERT (((_vector_spacing == 0x0) || (SIZEOF (.vector_55) <= (_vector_spacing << 0x5))), function at exception vector 55 too large)

.vector_56      0x000000009fc01900        0x0
 *(.vector_56)
                0x0000000000000001                ASSERT (((_vector_spacing == 0x0) || (SIZEOF (.vector_56) <= (_vector_spacing << 0x5))), function at exception vector 56 too large)

.vector_57      0x000000009fc01920        0x0
 *(.vector_57)
                0x0000000000000001                ASSERT (((_vector_spacing == 0x0) || (SIZEOF (.vector_57) <= (_vector_spacing << 0x5))), function at exception vector 57 too large)

.vector_58      0x000000009fc01940        0x0
 *(.vector_58)
                0x0000000000000001                ASSERT (((_vector_spacing == 0x0) || (SIZEOF (.vector_58) <= (_vector_spacing << 0x5))), function at exception vector 58 too large)

.vector_59      0x000000009fc01960        0x0
 *(.vector_59)
                0x0000000000000001                ASSERT (((_vector_spacing == 0x0) || (SIZEOF (.vector_59) <= (_vector_spacing << 0x5))), function at exception vector 59 too large)

.vector_60      0x000000009fc01980        0x0
 *(.vector_60)
                0x0000000000000001                ASSERT (((_vector_spacing == 0x0) || (SIZEOF (.vector_60) <= (_vector_spacing << 0x5))), function at exception vector 60 too large)

.vector_61      0x000000009fc019a0        0x0
 *(.vector_61)
                0x0000000000000001                ASSERT (((_vector_spacing == 0x0) || (SIZEOF (.vector_61) <= (_vector_spacing << 0x5))), function at exception vector 61 too large)

.vector_62      0x000000009fc019c0        0x0
 *(.vector_62)
                0x0000000000000001                ASSERT (((_vector_spacing == 0x0) || (SIZEOF (.vector_62) <= (_vector_spacing << 0x5))), function at exception vector 62 too large)

.vector_63      0x000000009fc019e0        0x0
 *(.vector_63)
                0x0000000000000001                ASSERT (((_vector_spacing == 0x0) || (SIZEOF (.vector_63) <= (_vector_spacing << 0x5))), function at exception vector 63 too large)

.startup
 *(.startup)

.text           0x000000009d000000        0x0
 *(.stub .gnu.linkonce.t.*)
 *(.text.*personality*)
 *(.mips16.fn.*)
 *(.mips16.call.*)
 *(.gnu.warning)
                0x000000009d000000                . = ALIGN (0x4)

.init           0x000000009d000000        0x0
 *crti.o(.init)
 *crtbegin.o(.init)
 *(EXCLUDE_FILE(*crtn.o *crtend?.o *crtend.o) .init)
 *crtend.o(.init)
 *crtn.o(.init)
                0x000000009d000000                . = ALIGN (0x4)

.fini           0x000000009d000000        0x0
 *(.fini)
                0x000000009d000000                . = ALIGN (0x4)

.preinit_array  0x000000009d000000        0x0
                [!provide]                        PROVIDE (__preinit_array_start = .)
 *(.preinit_array)
                [!provide]                        PROVIDE (__preinit_array_end = .)
                0x000000009d000000                . = ALIGN (0x4)

.init_array     0x000000009d000000        0x0
                [!provide]                        PROVIDE (__init_array_start = .)
 *(SORT_BY_NAME(.init_array.*))
 *(.init_array)
                [!provide]                        PROVIDE (__init_array_end = .)
                0x000000009d000000                . = ALIGN (0x4)

.fini_array     0x000000009d000000        0x0
                [!provide]                        PROVIDE (__fini_array_start = .)
 *(SORT_BY_NAME(.fini_array.*))
 *(.fini_array)
                [!provide]                        PROVIDE (__fini_array_end = .)
                0x000000009d000000                . = ALIGN (0x4)

.ctors          0x000000009d000000        0x0
 *crtbegin.o(.ctors)
 *crtbegin?.o(.ctors)
 *(EXCLUDE_FILE(*crtend?.o *crtend.o) .ctors)
 *(SORT_BY_NAME(.ctors.*))
 *(.ctors)
                0x000000009d000000                . = ALIGN (0x4)

.dtors          0x000000009d000000        0x0
 *crtbegin.o(.dtors)
 *crtbegin?.o(.dtors)
 *(EXCLUDE_FILE(*crtend?.o *crtend.o) .dtors)
 *(SORT_BY_NAME(.dtors.*))
 *(.dtors)
                0x000000009d000000                . = ALIGN (0x4)

.rodata         0x000000009d000000        0x0
 *(.gnu.linkonce.r.*)
 *(.rodata1)
                0x000000009d000000                . = ALIGN (0x4)

.sdata2         0x000000009d000000        0x0
 *(.sdata2 .sdata2.* .gnu.linkonce.s2.*)
                0x000000009d000000                . = ALIGN (0x4)

.sbss2          0x000000009d000000        0x0
 *(.sbss2 .sbss2.* .gnu.linkonce.sb2.*)
                0x000000009d000000                . = ALIGN (0x4)

.eh_frame_hdr
 *(.eh_frame_hdr)
                0x000000009d000000                . = ALIGN (0x4)

.eh_frame
 *(.eh_frame)
                0x000000009d000000                . = ALIGN (0x4)

.gcc_except_table
 *(.gcc_except_table .gcc_except_table.*)
                0x000000009d000000                . = ALIGN (0x4)

.dbg_data       0x00000000a0000200        0x0
                0x00000000a0000200                . = (. + DEFINED (_DEBUGGER)?0x200:0x0)

.jcr            0x00000000a0000200        0x0
 *(.jcr)
                0x00000000a0000200                . = ALIGN (0x4)

.eh_frame
 *(.eh_frame)
                0x00000000a0000200                . = ALIGN (0x4)

.gcc_except_table
 *(.gcc_except_table .gcc_except_table.*)
                0x00000000a0000200                . = ALIGN (0x4)

.persist        0x00000000a0000200        0x0
                0x00000000a0000200                _persist_begin = .
 *(.persist .persist.*)
                0x00000000a0000200                . = ALIGN (0x4)
                0x00000000a0000200                _persist_end = .

.data           0x00000000a0000200        0x0
 *(.gnu.linkonce.d.*)
 *(.data1)
                0x00000000a0000200                . = ALIGN (0x4)
                0x00000000a0000200                . = .
                0x00000000a00081f0                _gp = (ALIGN (0x10) + 0x7ff0)

.got            0x00000000a0000200        0x0
 *(.got.plt)
 *(.got)
                0x00000000a0000200                . = ALIGN (0x4)

.sdata          0x00000000a0000200        0x8
                0x00000000a0000200                _sdata_begin = .
 *(.sdata .sdata.* .gnu.linkonce.s.*)
 .sdata         0x00000000a0000200        0x4 build/default/debug/_ext/1171490990/tasks.o
                0x00000000a0000200                status
 .sdata         0x00000000a0000204        0x4 build/default/debug/_ext/951553248/port.o
                0x00000000a0000204                uxInterruptNesting
                0x00000000a0000208                . = ALIGN (0x4)
                0x00000000a0000208                _sdata_end = .

.lit8
 *(.lit8)

.lit4
 *(.lit4)
                0x00000000a0000208                . = ALIGN (0x4)
                0x00000000a0000208                _data_end = .
                0x00000000a0000208                _bss_begin = .

.sbss           0x00000000a0000208       0x8c
                0x00000000a0000208                _sbss_begin = .
 *(.dynsbss)
 *(.sbss .sbss.* .gnu.linkonce.sb.*)
 .sbss          0x00000000a0000208       0x30 build/default/debug/_ext/1171490990/tasks.o
                0x00000000a0000208                xCONTROLAAQUECEDOR_Tasks
                0x00000000a000020c                xDADOS_Tasks
                0x00000000a0000210                xLEDS_Tasks
                0x00000000a0000214                xERRO_Tasks
                0x00000000a0000218                xStatus
                0x00000000a000021c                xMutextemp
                0x00000000a0000220                xmutex2
                0x00000000a0000224                xMutex
                0x00000000a0000228                controle_aquecedor
                0x00000000a000022c                Saida_dados
                0x00000000a0000230                controle_entrada
                0x00000000a0000234                xTEMISTOR_Tasks
 .sbss          0x00000000a0000238        0x8 build/default/debug/_ext/1665200909/heap_1.o
 .sbss          0x00000000a0000240        0x4 build/default/debug/_ext/951553248/port.o
                0x00000000a0000240                uxSavedTaskStackPointer
 .sbss          0x00000000a0000244       0x3c build/default/debug/_ext/404212886/FreeRTOS_tasks.o
                0x00000000a0000244                uxSchedulerSuspended
                0x00000000a0000248                xIdleTaskHandle
                0x00000000a000024c                xNextTaskUnblockTime
                0x00000000a0000250                uxTaskNumber
                0x00000000a0000254                xNumOfOverflows
                0x00000000a0000258                xYieldPending
                0x00000000a000025c                xPendedTicks
                0x00000000a0000260                xSchedulerRunning
                0x00000000a0000264                uxTopReadyPriority
                0x00000000a0000268                xTickCount
                0x00000000a000026c                uxCurrentNumberOfTasks
                0x00000000a0000270                uxDeletedTasksWaitingCleanUp
                0x00000000a0000274                pxOverflowDelayedTaskList
                0x00000000a0000278                pxDelayedTaskList
                0x00000000a000027c                pxCurrentTCB
 .sbss          0x00000000a0000280        0x4 build/default/debug/_ext/1360937237/temistor.o
                0x00000000a0000280                temistorData
 .sbss          0x00000000a0000284        0x4 build/default/debug/_ext/1360937237/leds.o
                0x00000000a0000284                ledsData
 .sbss          0x00000000a0000288        0x4 build/default/debug/_ext/1360937237/dados.o
                0x00000000a0000288                dadosData
 .sbss          0x00000000a000028c        0x4 build/default/debug/_ext/1360937237/controlaaquecedor.o
                0x00000000a000028c                controlaaquecedorData
 .sbss          0x00000000a0000290        0x4 build/default/debug/_ext/1360937237/erro.o
                0x00000000a0000290                erroData
 *(.scommon)
                0x00000000a0000294                _sbss_end = .
                0x00000000a0000294                . = ALIGN (0x4)

.bss            0x00000000a0000294        0x0
 *(.dynbss)
 *(COMMON)
                0x00000000a0000294                . = ALIGN ((. != 0x0)?0x4:0x1)
                0x00000000a0000294                . = ALIGN (0x4)
                0x00000000a0000294                _end = .
                0x00000000a0000294                _bss_end = .
                0x0000000000020000                _bmxdudba_address = LENGTH (kseg1_data_mem)
                0x0000000000020000                _bmxdupba_address = LENGTH (kseg1_data_mem)

/DISCARD/
 *(.pdr)
 *(.rel.dyn)
 *(.note.GNU-stack)
 *(.note.GNU-stack)
 *(.gnu_debuglink)
 *(.gnu.lto_*)
 *(.discard)

.gptab.sdata
 *(.gptab.data)
 *(.gptab.sdata)

.gptab.sbss
 *(.gptab.bss)
 *(.gptab.sbss)

.mdebug.abi32   0x0000000000000000        0x0
 *(.mdebug.abi32)
 .mdebug.abi32  0x0000000000000000        0x0 c:/program files/microchip/xc32/v4.00/bin/bin/../../lib/gcc/pic32mx/8.3.1/../../../../pic32mx/lib\software-debug-break.o
 .mdebug.abi32  0x0000000000000000        0x0 build/default/debug/_ext/60163342/plib_adc.o
 .mdebug.abi32  0x0000000000000000        0x0 build/default/debug/_ext/60165520/plib_clk.o
 .mdebug.abi32  0x0000000000000000        0x0 build/default/debug/_ext/1865200349/plib_evic.o
 .mdebug.abi32  0x0000000000000000        0x0 build/default/debug/_ext/1865254177/plib_gpio.o
 .mdebug.abi32  0x0000000000000000        0x0 build/default/debug/_ext/513455433/plib_i2c1_master.o
 .mdebug.abi32  0x0000000000000000        0x0 build/default/debug/_ext/163028504/xc32_monitor.o
 .mdebug.abi32  0x0000000000000000        0x0 build/default/debug/_ext/1171490990/initialization.o
 .mdebug.abi32  0x0000000000000000        0x0 build/default/debug/_ext/1171490990/interrupts.o
 .mdebug.abi32  0x0000000000000000        0x0 build/default/debug/_ext/1171490990/exceptions.o
 .mdebug.abi32  0x0000000000000000        0x0 build/default/debug/_ext/1171490990/freertos_hooks.o
 .mdebug.abi32  0x0000000000000000        0x0 build/default/debug/_ext/1171490990/tasks.o
 .mdebug.abi32  0x0000000000000000        0x0 build/default/debug/_ext/1665200909/heap_1.o
 .mdebug.abi32  0x0000000000000000        0x0 build/default/debug/_ext/951553248/port.o
 .mdebug.abi32  0x0000000000000000        0x0 build/default/debug/_ext/404212886/croutine.o
 .mdebug.abi32  0x0000000000000000        0x0 build/default/debug/_ext/404212886/list.o
 .mdebug.abi32  0x0000000000000000        0x0 build/default/debug/_ext/404212886/queue.o
 .mdebug.abi32  0x0000000000000000        0x0 build/default/debug/_ext/404212886/FreeRTOS_tasks.o
 .mdebug.abi32  0x0000000000000000        0x0 build/default/debug/_ext/404212886/timers.o
 .mdebug.abi32  0x0000000000000000        0x0 build/default/debug/_ext/404212886/event_groups.o
 .mdebug.abi32  0x0000000000000000        0x0 build/default/debug/_ext/404212886/stream_buffer.o
 .mdebug.abi32  0x0000000000000000        0x0 build/default/debug/_ext/1360937237/main.o
 .mdebug.abi32  0x0000000000000000        0x0 build/default/debug/_ext/1360937237/temistor.o
 .mdebug.abi32  0x0000000000000000        0x0 build/default/debug/_ext/1360937237/leds.o
 .mdebug.abi32  0x0000000000000000        0x0 build/default/debug/_ext/1360937237/dados.o
 .mdebug.abi32  0x0000000000000000        0x0 build/default/debug/_ext/1360937237/controlaaquecedor.o
 .mdebug.abi32  0x0000000000000000        0x0 build/default/debug/_ext/1360937237/erro.o
 .mdebug.abi32  0x0000000000000000        0x0 c:/program files/microchip/xc32/v4.00/bin/bin/../../lib/gcc/pic32mx/8.3.1\libgcc.a(floatunsisf.o)
 .mdebug.abi32  0x0000000000000000        0x0 c:/program files/microchip/xc32/v4.00/bin/bin/../../lib/gcc/pic32mx/8.3.1/../../../../pic32mx/lib\libpic32.a(default-on-reset.o)
 .mdebug.abi32  0x0000000000000000        0x0 c:/program files/microchip/xc32/v4.00/bin/bin/../../lib/gcc/pic32mx/8.3.1/../../../../pic32mx/lib\libpic32.a(default-on-bootstrap.o)
 .mdebug.abi32  0x0000000000000000        0x0 c:/program files/microchip/xc32/v4.00/bin/bin/../../lib/gcc/pic32mx/8.3.1/../../../../pic32mx/lib\libpic32.a(defaultinterrupt.o)

.mdebug.abiN32
 *(.mdebug.abiN32)

.mdebug.abi64
 *(.mdebug.abi64)

.mdebug.abiO64
 *(.mdebug.abiO64)

.mdebug.eabi32
 *(.mdebug.eabi32)

.mdebug.eabi64
 *(.mdebug.eabi64)

.gcc_compiled_long32
 *(.gcc_compiled_long32)

.gcc_compiled_long64
 *(.gcc_compiled_long64)

.stab
 *(.stab)

.stabstr
 *(.stabstr)

.stab.excl
 *(.stab.excl)

.stab.exclstr
 *(.stab.exclstr)

.stab.index
 *(.stab.index)

.stab.indexstr
 *(.stab.indexstr)

.comment        0x0000000000000000       0x6b
 *(.comment)
 .comment       0x0000000000000000       0x53 c:/program files/microchip/xc32/v4.00/bin/bin/../../lib/gcc/pic32mx/8.3.1/../../../../pic32mx/lib\software-debug-break.o
                                         0x54 (size before relaxing)
 .comment       0x0000000000000053       0x54 build/default/debug/_ext/60163342/plib_adc.o
 .comment       0x0000000000000053       0x54 build/default/debug/_ext/60165520/plib_clk.o
 .comment       0x0000000000000053       0x54 build/default/debug/_ext/1865200349/plib_evic.o
 .comment       0x0000000000000053       0x54 build/default/debug/_ext/1865254177/plib_gpio.o
 .comment       0x0000000000000053       0x54 build/default/debug/_ext/513455433/plib_i2c1_master.o
 .comment       0x0000000000000053       0x54 build/default/debug/_ext/163028504/xc32_monitor.o
 .comment       0x0000000000000053       0x54 build/default/debug/_ext/1171490990/initialization.o
 .comment       0x0000000000000053       0x54 build/default/debug/_ext/1171490990/interrupts.o
 .comment       0x0000000000000053       0x54 build/default/debug/_ext/1171490990/exceptions.o
 .comment       0x0000000000000053       0x54 build/default/debug/_ext/1171490990/freertos_hooks.o
 .comment       0x0000000000000053       0x54 build/default/debug/_ext/1171490990/tasks.o
 .comment       0x0000000000000053       0x54 build/default/debug/_ext/1665200909/heap_1.o
 .comment       0x0000000000000053       0x54 build/default/debug/_ext/951553248/port.o
 .comment       0x0000000000000053       0x54 build/default/debug/_ext/404212886/croutine.o
 .comment       0x0000000000000053       0x54 build/default/debug/_ext/404212886/list.o
 .comment       0x0000000000000053       0x54 build/default/debug/_ext/404212886/queue.o
 .comment       0x0000000000000053       0x54 build/default/debug/_ext/404212886/FreeRTOS_tasks.o
 .comment       0x0000000000000053       0x54 build/default/debug/_ext/404212886/timers.o
 .comment       0x0000000000000053       0x54 build/default/debug/_ext/404212886/event_groups.o
 .comment       0x0000000000000053       0x54 build/default/debug/_ext/404212886/stream_buffer.o
 .comment       0x0000000000000053       0x54 build/default/debug/_ext/1360937237/main.o
 .comment       0x0000000000000053       0x54 build/default/debug/_ext/1360937237/temistor.o
 .comment       0x0000000000000053       0x54 build/default/debug/_ext/1360937237/leds.o
 .comment       0x0000000000000053       0x54 build/default/debug/_ext/1360937237/dados.o
 .comment       0x0000000000000053       0x54 build/default/debug/_ext/1360937237/controlaaquecedor.o
 .comment       0x0000000000000053       0x54 build/default/debug/_ext/1360937237/erro.o
 .comment       0x0000000000000053       0x54 c:/program files/microchip/xc32/v4.00/bin/bin/../../lib/gcc/pic32mx/8.3.1\libgcc.a(floatunsisf.o)
 .comment       0x0000000000000053       0x18 c:/program files/microchip/xc32/v4.00/bin/bin/../../lib/gcc/pic32mx/8.3.1/../../../../pic32mx/lib\libpic32.a(memset.o)
                                         0x19 (size before relaxing)
 .comment       0x000000000000006b       0x54 c:/program files/microchip/xc32/v4.00/bin/bin/../../lib/gcc/pic32mx/8.3.1/../../../../pic32mx/lib\libpic32.a(default-on-reset.o)
 .comment       0x000000000000006b       0x54 c:/program files/microchip/xc32/v4.00/bin/bin/../../lib/gcc/pic32mx/8.3.1/../../../../pic32mx/lib\libpic32.a(default-on-bootstrap.o)
 .comment       0x000000000000006b       0x54 c:/program files/microchip/xc32/v4.00/bin/bin/../../lib/gcc/pic32mx/8.3.1/../../../../pic32mx/lib\libpic32.a(defaultinterrupt.o)

.debug
 *.elf(.debug)
 *(.debug)

.line
 *.elf(.line)
 *(.line)

.debug_srcinfo
 *.elf(.debug_srcinfo)
 *(.debug_srcinfo)

.debug_sfnames
 *.elf(.debug_sfnames)
 *(.debug_sfnames)

.debug_aranges  0x0000000000000000      0x980
 *.elf(.debug_aranges)
 *(.debug_aranges)
 .debug_aranges
                0x0000000000000000       0x20 c:/program files/microchip/xc32/v4.00/bin/bin/../../lib/gcc/pic32mx/8.3.1/../../../../pic32mx/lib\software-debug-break.o
 .debug_aranges
                0x0000000000000020       0x60 build/default/debug/_ext/60163342/plib_adc.o
 .debug_aranges
                0x0000000000000080       0x20 build/default/debug/_ext/60165520/plib_clk.o
 .debug_aranges
                0x00000000000000a0       0x68 build/default/debug/_ext/1865200349/plib_evic.o
 .debug_aranges
                0x0000000000000108       0x60 build/default/debug/_ext/1865254177/plib_gpio.o
 .debug_aranges
                0x0000000000000168       0x60 build/default/debug/_ext/513455433/plib_i2c1_master.o
 .debug_aranges
                0x00000000000001c8       0x28 build/default/debug/_ext/163028504/xc32_monitor.o
 .debug_aranges
                0x00000000000001f0       0x20 build/default/debug/_ext/1171490990/initialization.o
 .debug_aranges
                0x0000000000000210       0x20 build/default/debug/_ext/1171490990/interrupts.o
 .debug_aranges
                0x0000000000000230       0x28 build/default/debug/_ext/1171490990/exceptions.o
 .debug_aranges
                0x0000000000000258       0x40 build/default/debug/_ext/1171490990/freertos_hooks.o
 .debug_aranges
                0x0000000000000298       0x28 build/default/debug/_ext/1171490990/interrupts_a.o
 .debug_aranges
                0x00000000000002c0       0x48 build/default/debug/_ext/1171490990/tasks.o
 .debug_aranges
                0x0000000000000308       0x38 build/default/debug/_ext/1665200909/heap_1.o
 .debug_aranges
                0x0000000000000340       0x58 build/default/debug/_ext/951553248/port.o
 .debug_aranges
                0x0000000000000398       0x20 build/default/debug/_ext/951553248/port_asm.o
 .debug_aranges
                0x00000000000003b8       0x18 build/default/debug/_ext/404212886/croutine.o
 .debug_aranges
                0x00000000000003d0       0x40 build/default/debug/_ext/404212886/list.o
 .debug_aranges
                0x0000000000000410       0xf0 build/default/debug/_ext/404212886/queue.o
 .debug_aranges
                0x0000000000000500      0x1b8 build/default/debug/_ext/404212886/FreeRTOS_tasks.o
 .debug_aranges
                0x00000000000006b8       0x18 build/default/debug/_ext/404212886/timers.o
 .debug_aranges
                0x00000000000006d0       0x60 build/default/debug/_ext/404212886/event_groups.o
 .debug_aranges
                0x0000000000000730       0xa8 build/default/debug/_ext/404212886/stream_buffer.o
 .debug_aranges
                0x00000000000007d8       0x20 build/default/debug/_ext/1360937237/main.o
 .debug_aranges
                0x00000000000007f8       0x28 build/default/debug/_ext/1360937237/temistor.o
 .debug_aranges
                0x0000000000000820       0x28 build/default/debug/_ext/1360937237/leds.o
 .debug_aranges
                0x0000000000000848       0x28 build/default/debug/_ext/1360937237/dados.o
 .debug_aranges
                0x0000000000000870       0x28 build/default/debug/_ext/1360937237/controlaaquecedor.o
 .debug_aranges
                0x0000000000000898       0x28 build/default/debug/_ext/1360937237/erro.o
 .debug_aranges
                0x00000000000008c0       0x40 C:\Users\anton\AppData\Local\Temp\cc8eNEWt.o
 .debug_aranges
                0x0000000000000900       0x20 c:/program files/microchip/xc32/v4.00/bin/bin/../../lib/gcc/pic32mx/8.3.1\libgcc.a(floatunsisf.o)
 .debug_aranges
                0x0000000000000920       0x20 c:/program files/microchip/xc32/v4.00/bin/bin/../../lib/gcc/pic32mx/8.3.1/../../../../pic32mx/lib\libpic32.a(default-on-reset.o)
 .debug_aranges
                0x0000000000000940       0x20 c:/program files/microchip/xc32/v4.00/bin/bin/../../lib/gcc/pic32mx/8.3.1/../../../../pic32mx/lib\libpic32.a(default-on-bootstrap.o)
 .debug_aranges
                0x0000000000000960       0x20 c:/program files/microchip/xc32/v4.00/bin/bin/../../lib/gcc/pic32mx/8.3.1/../../../../pic32mx/lib\libpic32.a(defaultinterrupt.o)

.debug_pubnames
 *.elf(.debug_pubnames)
 *(.debug_pubnames)

.debug_info     0x0000000000000000   0x4ef8ca
 *.elf(.debug_info .gnu.linkonce.wi.*)
 *(.debug_info .gnu.linkonce.wi.*)
 .debug_info    0x0000000000000000       0x3f c:/program files/microchip/xc32/v4.00/bin/bin/../../lib/gcc/pic32mx/8.3.1/../../../../pic32mx/lib\software-debug-break.o
 .debug_info    0x000000000000003f    0x3261d build/default/debug/_ext/60163342/plib_adc.o
 .debug_info    0x000000000003265c    0x3233c build/default/debug/_ext/60165520/plib_clk.o
 .debug_info    0x0000000000064998    0x327d4 build/default/debug/_ext/1865200349/plib_evic.o
 .debug_info    0x000000000009716c    0x32571 build/default/debug/_ext/1865254177/plib_gpio.o
 .debug_info    0x00000000000c96dd    0x327db build/default/debug/_ext/513455433/plib_i2c1_master.o
 .debug_info    0x00000000000fbeb8       0x8c build/default/debug/_ext/163028504/xc32_monitor.o
 .debug_info    0x00000000000fbf44    0x32466 build/default/debug/_ext/1171490990/initialization.o
 .debug_info    0x000000000012e3aa    0x3237f build/default/debug/_ext/1171490990/interrupts.o
 .debug_info    0x0000000000160729    0x32458 build/default/debug/_ext/1171490990/exceptions.o
 .debug_info    0x0000000000192b81    0x324af build/default/debug/_ext/1171490990/freertos_hooks.o
 .debug_info    0x00000000001c5030       0x22 build/default/debug/_ext/1171490990/interrupts_a.o
 .debug_info    0x00000000001c5052    0x32c6f build/default/debug/_ext/1171490990/tasks.o
 .debug_info    0x00000000001f7cc1    0x324be build/default/debug/_ext/1665200909/heap_1.o
 .debug_info    0x000000000022a17f    0x32614 build/default/debug/_ext/951553248/port.o
 .debug_info    0x000000000025c793       0x26 build/default/debug/_ext/951553248/port_asm.o
 .debug_info    0x000000000025c7b9    0x32339 build/default/debug/_ext/404212886/croutine.o
 .debug_info    0x000000000028eaf2    0x3259f build/default/debug/_ext/404212886/list.o
 .debug_info    0x00000000002c1091    0x33fab build/default/debug/_ext/404212886/queue.o
 .debug_info    0x00000000002f503c    0x346b7 build/default/debug/_ext/404212886/FreeRTOS_tasks.o
 .debug_info    0x00000000003296f3    0x32339 build/default/debug/_ext/404212886/timers.o
 .debug_info    0x000000000035ba2c    0x32d64 build/default/debug/_ext/404212886/event_groups.o
 .debug_info    0x000000000038e790    0x338d2 build/default/debug/_ext/404212886/stream_buffer.o
 .debug_info    0x00000000003c2062    0x323a4 build/default/debug/_ext/1360937237/main.o
 .debug_info    0x00000000003f4406    0x323db build/default/debug/_ext/1360937237/temistor.o
 .debug_info    0x00000000004267e1    0x323db build/default/debug/_ext/1360937237/leds.o
 .debug_info    0x0000000000458bbc    0x323db build/default/debug/_ext/1360937237/dados.o
 .debug_info    0x000000000048af97    0x323db build/default/debug/_ext/1360937237/controlaaquecedor.o
 .debug_info    0x00000000004bd372    0x323db build/default/debug/_ext/1360937237/erro.o
 .debug_info    0x00000000004ef74d       0x22 C:\Users\anton\AppData\Local\Temp\cc8eNEWt.o
 .debug_info    0x00000000004ef76f       0x9d c:/program files/microchip/xc32/v4.00/bin/bin/../../lib/gcc/pic32mx/8.3.1\libgcc.a(floatunsisf.o)
 .debug_info    0x00000000004ef80c       0x3f c:/program files/microchip/xc32/v4.00/bin/bin/../../lib/gcc/pic32mx/8.3.1/../../../../pic32mx/lib\libpic32.a(default-on-reset.o)
 .debug_info    0x00000000004ef84b       0x3f c:/program files/microchip/xc32/v4.00/bin/bin/../../lib/gcc/pic32mx/8.3.1/../../../../pic32mx/lib\libpic32.a(default-on-bootstrap.o)
 .debug_info    0x00000000004ef88a       0x40 c:/program files/microchip/xc32/v4.00/bin/bin/../../lib/gcc/pic32mx/8.3.1/../../../../pic32mx/lib\libpic32.a(defaultinterrupt.o)

.debug_abbrev   0x0000000000000000     0x3cff
 *.elf(.debug_abbrev)
 *(.debug_abbrev)
 .debug_abbrev  0x0000000000000000       0x2e c:/program files/microchip/xc32/v4.00/bin/bin/../../lib/gcc/pic32mx/8.3.1/../../../../pic32mx/lib\software-debug-break.o
 .debug_abbrev  0x000000000000002e      0x222 build/default/debug/_ext/60163342/plib_adc.o
 .debug_abbrev  0x0000000000000250      0x182 build/default/debug/_ext/60165520/plib_clk.o
 .debug_abbrev  0x00000000000003d2      0x25a build/default/debug/_ext/1865200349/plib_evic.o
 .debug_abbrev  0x000000000000062c      0x1fd build/default/debug/_ext/1865254177/plib_gpio.o
 .debug_abbrev  0x0000000000000829      0x302 build/default/debug/_ext/513455433/plib_i2c1_master.o
 .debug_abbrev  0x0000000000000b2b       0x88 build/default/debug/_ext/163028504/xc32_monitor.o
 .debug_abbrev  0x0000000000000bb3      0x1d2 build/default/debug/_ext/1171490990/initialization.o
 .debug_abbrev  0x0000000000000d85      0x1a3 build/default/debug/_ext/1171490990/interrupts.o
 .debug_abbrev  0x0000000000000f28      0x1c9 build/default/debug/_ext/1171490990/exceptions.o
 .debug_abbrev  0x00000000000010f1      0x229 build/default/debug/_ext/1171490990/freertos_hooks.o
 .debug_abbrev  0x000000000000131a       0x12 build/default/debug/_ext/1171490990/interrupts_a.o
 .debug_abbrev  0x000000000000132c      0x2b3 build/default/debug/_ext/1171490990/tasks.o
 .debug_abbrev  0x00000000000015df      0x295 build/default/debug/_ext/1665200909/heap_1.o
 .debug_abbrev  0x0000000000001874      0x391 build/default/debug/_ext/951553248/port.o
 .debug_abbrev  0x0000000000001c05       0x14 build/default/debug/_ext/951553248/port_asm.o
 .debug_abbrev  0x0000000000001c19      0x162 build/default/debug/_ext/404212886/croutine.o
 .debug_abbrev  0x0000000000001d7b      0x21a build/default/debug/_ext/404212886/list.o
 .debug_abbrev  0x0000000000001f95      0x458 build/default/debug/_ext/404212886/queue.o
 .debug_abbrev  0x00000000000023ed      0x3b6 build/default/debug/_ext/404212886/FreeRTOS_tasks.o
 .debug_abbrev  0x00000000000027a3      0x162 build/default/debug/_ext/404212886/timers.o
 .debug_abbrev  0x0000000000002905      0x32d build/default/debug/_ext/404212886/event_groups.o
 .debug_abbrev  0x0000000000002c32      0x40c build/default/debug/_ext/404212886/stream_buffer.o
 .debug_abbrev  0x000000000000303e      0x1be build/default/debug/_ext/1360937237/main.o
 .debug_abbrev  0x00000000000031fc      0x1fb build/default/debug/_ext/1360937237/temistor.o
 .debug_abbrev  0x00000000000033f7      0x1fb build/default/debug/_ext/1360937237/leds.o
 .debug_abbrev  0x00000000000035f2      0x1fb build/default/debug/_ext/1360937237/dados.o
 .debug_abbrev  0x00000000000037ed      0x1fb build/default/debug/_ext/1360937237/controlaaquecedor.o
 .debug_abbrev  0x00000000000039e8      0x1fb build/default/debug/_ext/1360937237/erro.o
 .debug_abbrev  0x0000000000003be3       0x12 C:\Users\anton\AppData\Local\Temp\cc8eNEWt.o
 .debug_abbrev  0x0000000000003bf5       0x7d c:/program files/microchip/xc32/v4.00/bin/bin/../../lib/gcc/pic32mx/8.3.1\libgcc.a(floatunsisf.o)
 .debug_abbrev  0x0000000000003c72       0x2e c:/program files/microchip/xc32/v4.00/bin/bin/../../lib/gcc/pic32mx/8.3.1/../../../../pic32mx/lib\libpic32.a(default-on-reset.o)
 .debug_abbrev  0x0000000000003ca0       0x2e c:/program files/microchip/xc32/v4.00/bin/bin/../../lib/gcc/pic32mx/8.3.1/../../../../pic32mx/lib\libpic32.a(default-on-bootstrap.o)
 .debug_abbrev  0x0000000000003cce       0x31 c:/program files/microchip/xc32/v4.00/bin/bin/../../lib/gcc/pic32mx/8.3.1/../../../../pic32mx/lib\libpic32.a(defaultinterrupt.o)

.debug_line     0x0000000000000000     0x85ba
 *.elf(.debug_line)
 *(.debug_line)
 .debug_line    0x0000000000000000       0xb1 c:/program files/microchip/xc32/v4.00/bin/bin/../../lib/gcc/pic32mx/8.3.1/../../../../pic32mx/lib\software-debug-break.o
 .debug_line    0x00000000000000b1      0x2ed build/default/debug/_ext/60163342/plib_adc.o
 .debug_line    0x000000000000039e      0x1b1 build/default/debug/_ext/60165520/plib_clk.o
 .debug_line    0x000000000000054f      0x343 build/default/debug/_ext/1865200349/plib_evic.o
 .debug_line    0x0000000000000892      0x30b build/default/debug/_ext/1865254177/plib_gpio.o
 .debug_line    0x0000000000000b9d      0x879 build/default/debug/_ext/513455433/plib_i2c1_master.o
 .debug_line    0x0000000000001416       0xad build/default/debug/_ext/163028504/xc32_monitor.o
 .debug_line    0x00000000000014c3      0x4e9 build/default/debug/_ext/1171490990/initialization.o
 .debug_line    0x00000000000019ac      0x229 build/default/debug/_ext/1171490990/interrupts.o
 .debug_line    0x0000000000001bd5      0x2a6 build/default/debug/_ext/1171490990/exceptions.o
 .debug_line    0x0000000000001e7b      0x336 build/default/debug/_ext/1171490990/freertos_hooks.o
 .debug_line    0x00000000000021b1       0x6f build/default/debug/_ext/1171490990/interrupts_a.o
 .debug_line    0x0000000000002220      0x6e2 build/default/debug/_ext/1171490990/tasks.o
 .debug_line    0x0000000000002902      0x384 build/default/debug/_ext/1665200909/heap_1.o
 .debug_line    0x0000000000002c86      0x3fc build/default/debug/_ext/951553248/port.o
 .debug_line    0x0000000000003082       0xfc build/default/debug/_ext/951553248/port_asm.o
 .debug_line    0x000000000000317e      0x1b9 build/default/debug/_ext/404212886/croutine.o
 .debug_line    0x0000000000003337      0x416 build/default/debug/_ext/404212886/list.o
 .debug_line    0x000000000000374d     0x10ed build/default/debug/_ext/404212886/queue.o
 .debug_line    0x000000000000483a     0x18ff build/default/debug/_ext/404212886/FreeRTOS_tasks.o
 .debug_line    0x0000000000006139      0x1b9 build/default/debug/_ext/404212886/timers.o
 .debug_line    0x00000000000062f2      0x735 build/default/debug/_ext/404212886/event_groups.o
 .debug_line    0x0000000000006a27      0xc06 build/default/debug/_ext/404212886/stream_buffer.o
 .debug_line    0x000000000000762d      0x26b build/default/debug/_ext/1360937237/main.o
 .debug_line    0x0000000000007898      0x1cd build/default/debug/_ext/1360937237/temistor.o
 .debug_line    0x0000000000007a65      0x1c5 build/default/debug/_ext/1360937237/leds.o
 .debug_line    0x0000000000007c2a      0x1c7 build/default/debug/_ext/1360937237/dados.o
 .debug_line    0x0000000000007df1      0x1df build/default/debug/_ext/1360937237/controlaaquecedor.o
 .debug_line    0x0000000000007fd0      0x1c5 build/default/debug/_ext/1360937237/erro.o
 .debug_line    0x0000000000008195      0x152 C:\Users\anton\AppData\Local\Temp\cc8eNEWt.o
 .debug_line    0x00000000000082e7       0xba c:/program files/microchip/xc32/v4.00/bin/bin/../../lib/gcc/pic32mx/8.3.1\libgcc.a(floatunsisf.o)
 .debug_line    0x00000000000083a1       0xa6 c:/program files/microchip/xc32/v4.00/bin/bin/../../lib/gcc/pic32mx/8.3.1/../../../../pic32mx/lib\libpic32.a(default-on-reset.o)
 .debug_line    0x0000000000008447       0xaa c:/program files/microchip/xc32/v4.00/bin/bin/../../lib/gcc/pic32mx/8.3.1/../../../../pic32mx/lib\libpic32.a(default-on-bootstrap.o)
 .debug_line    0x00000000000084f1       0xc9 c:/program files/microchip/xc32/v4.00/bin/bin/../../lib/gcc/pic32mx/8.3.1/../../../../pic32mx/lib\libpic32.a(defaultinterrupt.o)

.debug_frame    0x0000000000000000     0x1540
 *.elf(.debug_frame)
 *(.debug_frame)
 .debug_frame   0x0000000000000000       0x20 c:/program files/microchip/xc32/v4.00/bin/bin/../../lib/gcc/pic32mx/8.3.1/../../../../pic32mx/lib\software-debug-break.o
 .debug_frame   0x0000000000000020       0xa0 build/default/debug/_ext/60163342/plib_adc.o
 .debug_frame   0x00000000000000c0       0x20 build/default/debug/_ext/60165520/plib_clk.o
 .debug_frame   0x00000000000000e0       0xd4 build/default/debug/_ext/1865200349/plib_evic.o
 .debug_frame   0x00000000000001b4       0xa0 build/default/debug/_ext/1865254177/plib_gpio.o
 .debug_frame   0x0000000000000254       0xd8 build/default/debug/_ext/513455433/plib_i2c1_master.o
 .debug_frame   0x000000000000032c       0x30 build/default/debug/_ext/163028504/xc32_monitor.o
 .debug_frame   0x000000000000035c       0x2c build/default/debug/_ext/1171490990/initialization.o
 .debug_frame   0x0000000000000388       0x2c build/default/debug/_ext/1171490990/interrupts.o
 .debug_frame   0x00000000000003b4       0x40 build/default/debug/_ext/1171490990/exceptions.o
 .debug_frame   0x00000000000003f4       0x7c build/default/debug/_ext/1171490990/freertos_hooks.o
 .debug_frame   0x0000000000000470       0xd4 build/default/debug/_ext/1171490990/tasks.o
 .debug_frame   0x0000000000000544       0x60 build/default/debug/_ext/1665200909/heap_1.o
 .debug_frame   0x00000000000005a4       0xf0 build/default/debug/_ext/951553248/port.o
 .debug_frame   0x0000000000000694       0x60 build/default/debug/_ext/404212886/list.o
 .debug_frame   0x00000000000006f4      0x338 build/default/debug/_ext/404212886/queue.o
 .debug_frame   0x0000000000000a2c      0x5f0 build/default/debug/_ext/404212886/FreeRTOS_tasks.o
 .debug_frame   0x000000000000101c      0x134 build/default/debug/_ext/404212886/event_groups.o
 .debug_frame   0x0000000000001150      0x24c build/default/debug/_ext/404212886/stream_buffer.o
 .debug_frame   0x000000000000139c       0x28 build/default/debug/_ext/1360937237/main.o
 .debug_frame   0x00000000000013c4       0x30 build/default/debug/_ext/1360937237/temistor.o
 .debug_frame   0x00000000000013f4       0x30 build/default/debug/_ext/1360937237/leds.o
 .debug_frame   0x0000000000001424       0x30 build/default/debug/_ext/1360937237/dados.o
 .debug_frame   0x0000000000001454       0x30 build/default/debug/_ext/1360937237/controlaaquecedor.o
 .debug_frame   0x0000000000001484       0x30 build/default/debug/_ext/1360937237/erro.o
 .debug_frame   0x00000000000014b4       0x2c c:/program files/microchip/xc32/v4.00/bin/bin/../../lib/gcc/pic32mx/8.3.1\libgcc.a(floatunsisf.o)
 .debug_frame   0x00000000000014e0       0x20 c:/program files/microchip/xc32/v4.00/bin/bin/../../lib/gcc/pic32mx/8.3.1/../../../../pic32mx/lib\libpic32.a(default-on-reset.o)
 .debug_frame   0x0000000000001500       0x20 c:/program files/microchip/xc32/v4.00/bin/bin/../../lib/gcc/pic32mx/8.3.1/../../../../pic32mx/lib\libpic32.a(default-on-bootstrap.o)
 .debug_frame   0x0000000000001520       0x20 c:/program files/microchip/xc32/v4.00/bin/bin/../../lib/gcc/pic32mx/8.3.1/../../../../pic32mx/lib\libpic32.a(defaultinterrupt.o)

.debug_str      0x0000000000000000   0x196417
 *.elf(.debug_str)
 *(.debug_str)
 .debug_str     0x0000000000000000      0x3a3 c:/program files/microchip/xc32/v4.00/bin/bin/../../lib/gcc/pic32mx/8.3.1/../../../../pic32mx/lib\software-debug-break.o
 .debug_str     0x00000000000003a3    0x105da build/default/debug/_ext/60163342/plib_adc.o
 .debug_str     0x000000000001097d    0x10091 build/default/debug/_ext/60165520/plib_clk.o
 .debug_str     0x0000000000020a0e    0x1098a build/default/debug/_ext/1865200349/plib_evic.o
 .debug_str     0x0000000000031398    0x10189 build/default/debug/_ext/1865254177/plib_gpio.o
 .debug_str     0x0000000000041521    0x10435 build/default/debug/_ext/513455433/plib_i2c1_master.o
 .debug_str     0x0000000000051956      0x2d5 build/default/debug/_ext/163028504/xc32_monitor.o
 .debug_str     0x0000000000051c2b    0x10162 build/default/debug/_ext/1171490990/initialization.o
 .debug_str     0x0000000000061d8d    0x100bf build/default/debug/_ext/1171490990/interrupts.o
 .debug_str     0x0000000000071e4c    0x101b3 build/default/debug/_ext/1171490990/exceptions.o
 .debug_str     0x0000000000081fff    0x1017a build/default/debug/_ext/1171490990/freertos_hooks.o
 .debug_str     0x0000000000092179       0x7f build/default/debug/_ext/1171490990/interrupts_a.o
 .debug_str     0x00000000000921f8    0x1034c build/default/debug/_ext/1171490990/tasks.o
 .debug_str     0x00000000000a2544    0x10179 build/default/debug/_ext/1665200909/heap_1.o
 .debug_str     0x00000000000b26bd    0x10269 build/default/debug/_ext/951553248/port.o
 .debug_str     0x00000000000c2926       0xa4 build/default/debug/_ext/951553248/port_asm.o
 .debug_str     0x00000000000c29ca    0x100a4 build/default/debug/_ext/404212886/croutine.o
 .debug_str     0x00000000000d2a6e    0x101ce build/default/debug/_ext/404212886/list.o
 .debug_str     0x00000000000e2c3c    0x1093e build/default/debug/_ext/404212886/queue.o
 .debug_str     0x00000000000f357a    0x10d9d build/default/debug/_ext/404212886/FreeRTOS_tasks.o
 .debug_str     0x0000000000104317    0x100a2 build/default/debug/_ext/404212886/timers.o
 .debug_str     0x00000000001143b9    0x104f9 build/default/debug/_ext/404212886/event_groups.o
 .debug_str     0x00000000001248b2    0x1073d build/default/debug/_ext/404212886/stream_buffer.o
 .debug_str     0x0000000000134fef    0x100a3 build/default/debug/_ext/1360937237/main.o
 .debug_str     0x0000000000145092    0x100fe build/default/debug/_ext/1360937237/temistor.o
 .debug_str     0x0000000000155190    0x100de build/default/debug/_ext/1360937237/leds.o
 .debug_str     0x000000000016526e    0x100e6 build/default/debug/_ext/1360937237/dados.o
 .debug_str     0x0000000000175354    0x10146 build/default/debug/_ext/1360937237/controlaaquecedor.o
 .debug_str     0x000000000018549a    0x100de build/default/debug/_ext/1360937237/erro.o
 .debug_str     0x0000000000195578       0xba C:\Users\anton\AppData\Local\Temp\cc8eNEWt.o
 .debug_str     0x0000000000195632      0x31c c:/program files/microchip/xc32/v4.00/bin/bin/../../lib/gcc/pic32mx/8.3.1\libgcc.a(floatunsisf.o)
 .debug_str     0x000000000019594e      0x38d c:/program files/microchip/xc32/v4.00/bin/bin/../../lib/gcc/pic32mx/8.3.1/../../../../pic32mx/lib\libpic32.a(default-on-reset.o)
 .debug_str     0x0000000000195cdb      0x395 c:/program files/microchip/xc32/v4.00/bin/bin/../../lib/gcc/pic32mx/8.3.1/../../../../pic32mx/lib\libpic32.a(default-on-bootstrap.o)
 .debug_str     0x0000000000196070      0x3a7 c:/program files/microchip/xc32/v4.00/bin/bin/../../lib/gcc/pic32mx/8.3.1/../../../../pic32mx/lib\libpic32.a(defaultinterrupt.o)

.debug_loc      0x0000000000000000     0x74e2
 *.elf(.debug_loc)
 *(.debug_loc)
 .debug_loc     0x0000000000000000       0x25 build/default/debug/_ext/60163342/plib_adc.o
 .debug_loc     0x0000000000000025      0x173 build/default/debug/_ext/1865200349/plib_evic.o
 .debug_loc     0x0000000000000198      0x172 build/default/debug/_ext/1865254177/plib_gpio.o
 .debug_loc     0x000000000000030a      0x13c build/default/debug/_ext/513455433/plib_i2c1_master.o
 .debug_loc     0x0000000000000446       0x51 build/default/debug/_ext/1171490990/initialization.o
 .debug_loc     0x0000000000000497       0x2c build/default/debug/_ext/1171490990/interrupts.o
 .debug_loc     0x00000000000004c3       0x40 build/default/debug/_ext/1171490990/exceptions.o
 .debug_loc     0x0000000000000503      0x122 build/default/debug/_ext/1171490990/freertos_hooks.o
 .debug_loc     0x0000000000000625      0x243 build/default/debug/_ext/1171490990/tasks.o
 .debug_loc     0x0000000000000868       0x80 build/default/debug/_ext/1665200909/heap_1.o
 .debug_loc     0x00000000000008e8      0x21f build/default/debug/_ext/951553248/port.o
 .debug_loc     0x0000000000000b07       0x61 build/default/debug/_ext/404212886/list.o
 .debug_loc     0x0000000000000b68     0x1c08 build/default/debug/_ext/404212886/queue.o
 .debug_loc     0x0000000000002770     0x23b9 build/default/debug/_ext/404212886/FreeRTOS_tasks.o
 .debug_loc     0x0000000000004b29      0xdc3 build/default/debug/_ext/404212886/event_groups.o
 .debug_loc     0x00000000000058ec     0x1ae4 build/default/debug/_ext/404212886/stream_buffer.o
 .debug_loc     0x00000000000073d0       0x20 build/default/debug/_ext/1360937237/main.o
 .debug_loc     0x00000000000073f0       0x16 build/default/debug/_ext/1360937237/temistor.o
 .debug_loc     0x0000000000007406       0x16 build/default/debug/_ext/1360937237/leds.o
 .debug_loc     0x000000000000741c       0x16 build/default/debug/_ext/1360937237/dados.o
 .debug_loc     0x0000000000007432       0x16 build/default/debug/_ext/1360937237/controlaaquecedor.o
 .debug_loc     0x0000000000007448       0x16 build/default/debug/_ext/1360937237/erro.o
 .debug_loc     0x000000000000745e       0x84 c:/program files/microchip/xc32/v4.00/bin/bin/../../lib/gcc/pic32mx/8.3.1\libgcc.a(floatunsisf.o)

.debug_macinfo
 *.elf(.debug_macinfo)
 *(.debug_macinfo)

.debug_weaknames
 *.elf(.debug_weaknames)
 *(.debug_weaknames)

.debug_funcnames
 *.elf(.debug_funcnames)
 *(.debug_funcnames)

.debug_typenames
 *.elf(.debug_typenames)
 *(.debug_typenames)

.debug_varnames
 *.elf(.debug_varnames)
 *(.debug_varnames)

.debug_pubtypes
 *.elf(.debug_pubtypes)
 *(.debug_pubtypes)

.debug_ranges   0x0000000000000000      0xab8
 *.elf(.debug_ranges)
 *(.debug_ranges)
 .debug_ranges  0x0000000000000000       0x10 c:/program files/microchip/xc32/v4.00/bin/bin/../../lib/gcc/pic32mx/8.3.1/../../../../pic32mx/lib\software-debug-break.o
 .debug_ranges  0x0000000000000010       0x50 build/default/debug/_ext/60163342/plib_adc.o
 .debug_ranges  0x0000000000000060       0x10 build/default/debug/_ext/60165520/plib_clk.o
 .debug_ranges  0x0000000000000070       0x58 build/default/debug/_ext/1865200349/plib_evic.o
 .debug_ranges  0x00000000000000c8       0x50 build/default/debug/_ext/1865254177/plib_gpio.o
 .debug_ranges  0x0000000000000118      0x118 build/default/debug/_ext/513455433/plib_i2c1_master.o
 .debug_ranges  0x0000000000000230       0x18 build/default/debug/_ext/163028504/xc32_monitor.o
 .debug_ranges  0x0000000000000248       0x10 build/default/debug/_ext/1171490990/initialization.o
 .debug_ranges  0x0000000000000258       0x10 build/default/debug/_ext/1171490990/interrupts.o
 .debug_ranges  0x0000000000000268       0x18 build/default/debug/_ext/1171490990/exceptions.o
 .debug_ranges  0x0000000000000280       0x30 build/default/debug/_ext/1171490990/freertos_hooks.o
 .debug_ranges  0x00000000000002b0       0x20 build/default/debug/_ext/1171490990/interrupts_a.o
 .debug_ranges  0x00000000000002d0       0x38 build/default/debug/_ext/1171490990/tasks.o
 .debug_ranges  0x0000000000000308       0x28 build/default/debug/_ext/1665200909/heap_1.o
 .debug_ranges  0x0000000000000330       0x48 build/default/debug/_ext/951553248/port.o
 .debug_ranges  0x0000000000000378       0x30 build/default/debug/_ext/404212886/list.o
 .debug_ranges  0x00000000000003a8      0x1f0 build/default/debug/_ext/404212886/queue.o
 .debug_ranges  0x0000000000000598      0x268 build/default/debug/_ext/404212886/FreeRTOS_tasks.o
 .debug_ranges  0x0000000000000800       0xa0 build/default/debug/_ext/404212886/event_groups.o
 .debug_ranges  0x00000000000008a0      0x128 build/default/debug/_ext/404212886/stream_buffer.o
 .debug_ranges  0x00000000000009c8       0x10 build/default/debug/_ext/1360937237/main.o
 .debug_ranges  0x00000000000009d8       0x18 build/default/debug/_ext/1360937237/temistor.o
 .debug_ranges  0x00000000000009f0       0x18 build/default/debug/_ext/1360937237/leds.o
 .debug_ranges  0x0000000000000a08       0x18 build/default/debug/_ext/1360937237/dados.o
 .debug_ranges  0x0000000000000a20       0x18 build/default/debug/_ext/1360937237/controlaaquecedor.o
 .debug_ranges  0x0000000000000a38       0x18 build/default/debug/_ext/1360937237/erro.o
 .debug_ranges  0x0000000000000a50       0x38 C:\Users\anton\AppData\Local\Temp\cc8eNEWt.o
 .debug_ranges  0x0000000000000a88       0x10 c:/program files/microchip/xc32/v4.00/bin/bin/../../lib/gcc/pic32mx/8.3.1/../../../../pic32mx/lib\libpic32.a(default-on-reset.o)
 .debug_ranges  0x0000000000000a98       0x10 c:/program files/microchip/xc32/v4.00/bin/bin/../../lib/gcc/pic32mx/8.3.1/../../../../pic32mx/lib\libpic32.a(default-on-bootstrap.o)
 .debug_ranges  0x0000000000000aa8       0x10 c:/program files/microchip/xc32/v4.00/bin/bin/../../lib/gcc/pic32mx/8.3.1/../../../../pic32mx/lib\libpic32.a(defaultinterrupt.o)

.gnu.attributes
                0x0000000000000000       0x10
 *(.gnu.attributes)
 .gnu.attributes
                0x0000000000000000       0x10 c:/program files/microchip/xc32/v4.00/bin/bin/../../lib/gcc/pic32mx/8.3.1/../../../../pic32mx/lib\software-debug-break.o
 .gnu.attributes
                0x0000000000000010       0x10 build/default/debug/_ext/60163342/plib_adc.o
 .gnu.attributes
                0x0000000000000020       0x10 build/default/debug/_ext/60165520/plib_clk.o
 .gnu.attributes
                0x0000000000000030       0x10 build/default/debug/_ext/1865200349/plib_evic.o
 .gnu.attributes
                0x0000000000000040       0x10 build/default/debug/_ext/1865254177/plib_gpio.o
 .gnu.attributes
                0x0000000000000050       0x10 build/default/debug/_ext/513455433/plib_i2c1_master.o
 .gnu.attributes
                0x0000000000000060       0x10 build/default/debug/_ext/163028504/xc32_monitor.o
 .gnu.attributes
                0x0000000000000070       0x10 build/default/debug/_ext/1171490990/initialization.o
 .gnu.attributes
                0x0000000000000080       0x10 build/default/debug/_ext/1171490990/interrupts.o
 .gnu.attributes
                0x0000000000000090       0x10 build/default/debug/_ext/1171490990/exceptions.o
 .gnu.attributes
                0x00000000000000a0       0x10 build/default/debug/_ext/1171490990/freertos_hooks.o
 .gnu.attributes
                0x00000000000000b0       0x10 build/default/debug/_ext/1171490990/interrupts_a.o
 .gnu.attributes
                0x00000000000000c0       0x10 build/default/debug/_ext/1171490990/tasks.o
 .gnu.attributes
                0x00000000000000d0       0x10 build/default/debug/_ext/1665200909/heap_1.o
 .gnu.attributes
                0x00000000000000e0       0x10 build/default/debug/_ext/951553248/port.o
 .gnu.attributes
                0x00000000000000f0       0x10 build/default/debug/_ext/951553248/port_asm.o
 .gnu.attributes
                0x0000000000000100       0x10 build/default/debug/_ext/404212886/croutine.o
 .gnu.attributes
                0x0000000000000110       0x10 build/default/debug/_ext/404212886/list.o
 .gnu.attributes
                0x0000000000000120       0x10 build/default/debug/_ext/404212886/queue.o
 .gnu.attributes
                0x0000000000000130       0x10 build/default/debug/_ext/404212886/FreeRTOS_tasks.o
 .gnu.attributes
                0x0000000000000140       0x10 build/default/debug/_ext/404212886/timers.o
 .gnu.attributes
                0x0000000000000150       0x10 build/default/debug/_ext/404212886/event_groups.o
 .gnu.attributes
                0x0000000000000160       0x10 build/default/debug/_ext/404212886/stream_buffer.o
 .gnu.attributes
                0x0000000000000170       0x10 build/default/debug/_ext/1360937237/main.o
 .gnu.attributes
                0x0000000000000180       0x10 build/default/debug/_ext/1360937237/temistor.o
 .gnu.attributes
                0x0000000000000190       0x10 build/default/debug/_ext/1360937237/leds.o
 .gnu.attributes
                0x00000000000001a0       0x10 build/default/debug/_ext/1360937237/dados.o
 .gnu.attributes
                0x00000000000001b0       0x10 build/default/debug/_ext/1360937237/controlaaquecedor.o
 .gnu.attributes
                0x00000000000001c0       0x10 build/default/debug/_ext/1360937237/erro.o
 .gnu.attributes
                0x00000000000001d0       0x10 C:\Users\anton\AppData\Local\Temp\cc8eNEWt.o
 .gnu.attributes
                0x00000000000001e0       0x10 C:\Users\anton\AppData\Local\Temp\ccD0n1AW.o
 .gnu.attributes
                0x00000000000001f0       0x10 C:\Users\anton\AppData\Local\Temp\ccet5Wo3.o
 .gnu.attributes
                0x0000000000000200       0x10 c:/program files/microchip/xc32/v4.00/bin/bin/../../lib/gcc/pic32mx/8.3.1/../../../../pic32mx/lib\pic32_software_reset.o
 .gnu.attributes
                0x0000000000000210       0x10 c:/program files/microchip/xc32/v4.00/bin/bin/../../lib/gcc/pic32mx/8.3.1\libgcc.a(floatunsisf.o)
 .gnu.attributes
                0x0000000000000220       0x10 c:/program files/microchip/xc32/v4.00/bin/bin/../../lib/gcc/pic32mx/8.3.1/../../../../pic32mx/lib\libpic32.a(memcpy.o)
 .gnu.attributes
                0x0000000000000230       0x10 c:/program files/microchip/xc32/v4.00/bin/bin/../../lib/gcc/pic32mx/8.3.1/../../../../pic32mx/lib\libpic32.a(memset.o)
 .gnu.attributes
                0x0000000000000240       0x10 c:/program files/microchip/xc32/v4.00/bin/bin/../../lib/gcc/pic32mx/8.3.1/../../../../pic32mx/lib\libpic32.a(default-on-reset.o)
 .gnu.attributes
                0x0000000000000250       0x10 c:/program files/microchip/xc32/v4.00/bin/bin/../../lib/gcc/pic32mx/8.3.1/../../../../pic32mx/lib\libpic32.a(default-on-bootstrap.o)
 .gnu.attributes
                0x0000000000000260       0x10 c:/program files/microchip/xc32/v4.00/bin/bin/../../lib/gcc/pic32mx/8.3.1/../../../../pic32mx/lib\libpic32.a(default-nmi-handler.o)
 .gnu.attributes
                0x0000000000000270       0x10 c:/program files/microchip/xc32/v4.00/bin/bin/../../lib/gcc/pic32mx/8.3.1/../../../../pic32mx/lib\libpic32.a(pic32_data_init.o)
 .gnu.attributes
                0x0000000000000280       0x10 c:/program files/microchip/xc32/v4.00/bin/bin/../../lib/gcc/pic32mx/8.3.1/../../../../pic32mx/lib\libpic32.a(general-exception.o)
 .gnu.attributes
                0x0000000000000290       0x10 c:/program files/microchip/xc32/v4.00/bin/bin/../../lib/gcc/pic32mx/8.3.1/../../../../pic32mx/lib\libpic32.a(vector0.o)
 .gnu.attributes
                0x00000000000002a0       0x10 c:/program files/microchip/xc32/v4.00/bin/bin/../../lib/gcc/pic32mx/8.3.1/../../../../pic32mx/lib\libpic32.a(vector2.o)
 .gnu.attributes
                0x00000000000002b0       0x10 c:/program files/microchip/xc32/v4.00/bin/bin/../../lib/gcc/pic32mx/8.3.1/../../../../pic32mx/lib\libpic32.a(vector3.o)
 .gnu.attributes
                0x00000000000002c0       0x10 c:/program files/microchip/xc32/v4.00/bin/bin/../../lib/gcc/pic32mx/8.3.1/../../../../pic32mx/lib\libpic32.a(vector5.o)
 .gnu.attributes
                0x00000000000002d0       0x10 c:/program files/microchip/xc32/v4.00/bin/bin/../../lib/gcc/pic32mx/8.3.1/../../../../pic32mx/lib\libpic32.a(vector6.o)
 .gnu.attributes
                0x00000000000002e0       0x10 c:/program files/microchip/xc32/v4.00/bin/bin/../../lib/gcc/pic32mx/8.3.1/../../../../pic32mx/lib\libpic32.a(vector7.o)
 .gnu.attributes
                0x00000000000002f0       0x10 c:/program files/microchip/xc32/v4.00/bin/bin/../../lib/gcc/pic32mx/8.3.1/../../../../pic32mx/lib\libpic32.a(vector8.o)
 .gnu.attributes
                0x0000000000000300       0x10 c:/program files/microchip/xc32/v4.00/bin/bin/../../lib/gcc/pic32mx/8.3.1/../../../../pic32mx/lib\libpic32.a(vector9.o)
 .gnu.attributes
                0x0000000000000310       0x10 c:/program files/microchip/xc32/v4.00/bin/bin/../../lib/gcc/pic32mx/8.3.1/../../../../pic32mx/lib\libpic32.a(vector10.o)
 .gnu.attributes
                0x0000000000000320       0x10 c:/program files/microchip/xc32/v4.00/bin/bin/../../lib/gcc/pic32mx/8.3.1/../../../../pic32mx/lib\libpic32.a(vector11.o)
 .gnu.attributes
                0x0000000000000330       0x10 c:/program files/microchip/xc32/v4.00/bin/bin/../../lib/gcc/pic32mx/8.3.1/../../../../pic32mx/lib\libpic32.a(vector12.o)
 .gnu.attributes
                0x0000000000000340       0x10 c:/program files/microchip/xc32/v4.00/bin/bin/../../lib/gcc/pic32mx/8.3.1/../../../../pic32mx/lib\libpic32.a(vector13.o)
 .gnu.attributes
                0x0000000000000350       0x10 c:/program files/microchip/xc32/v4.00/bin/bin/../../lib/gcc/pic32mx/8.3.1/../../../../pic32mx/lib\libpic32.a(vector14.o)
 .gnu.attributes
                0x0000000000000360       0x10 c:/program files/microchip/xc32/v4.00/bin/bin/../../lib/gcc/pic32mx/8.3.1/../../../../pic32mx/lib\libpic32.a(vector15.o)
 .gnu.attributes
                0x0000000000000370       0x10 c:/program files/microchip/xc32/v4.00/bin/bin/../../lib/gcc/pic32mx/8.3.1/../../../../pic32mx/lib\libpic32.a(vector16.o)
 .gnu.attributes
                0x0000000000000380       0x10 c:/program files/microchip/xc32/v4.00/bin/bin/../../lib/gcc/pic32mx/8.3.1/../../../../pic32mx/lib\libpic32.a(vector17.o)
 .gnu.attributes
                0x0000000000000390       0x10 c:/program files/microchip/xc32/v4.00/bin/bin/../../lib/gcc/pic32mx/8.3.1/../../../../pic32mx/lib\libpic32.a(vector18.o)
 .gnu.attributes
                0x00000000000003a0       0x10 c:/program files/microchip/xc32/v4.00/bin/bin/../../lib/gcc/pic32mx/8.3.1/../../../../pic32mx/lib\libpic32.a(vector19.o)
 .gnu.attributes
                0x00000000000003b0       0x10 c:/program files/microchip/xc32/v4.00/bin/bin/../../lib/gcc/pic32mx/8.3.1/../../../../pic32mx/lib\libpic32.a(vector20.o)
 .gnu.attributes
                0x00000000000003c0       0x10 c:/program files/microchip/xc32/v4.00/bin/bin/../../lib/gcc/pic32mx/8.3.1/../../../../pic32mx/lib\libpic32.a(vector21.o)
 .gnu.attributes
                0x00000000000003d0       0x10 c:/program files/microchip/xc32/v4.00/bin/bin/../../lib/gcc/pic32mx/8.3.1/../../../../pic32mx/lib\libpic32.a(vector22.o)
 .gnu.attributes
                0x00000000000003e0       0x10 c:/program files/microchip/xc32/v4.00/bin/bin/../../lib/gcc/pic32mx/8.3.1/../../../../pic32mx/lib\libpic32.a(vector23.o)
 .gnu.attributes
                0x00000000000003f0       0x10 c:/program files/microchip/xc32/v4.00/bin/bin/../../lib/gcc/pic32mx/8.3.1/../../../../pic32mx/lib\libpic32.a(vector24.o)
 .gnu.attributes
                0x0000000000000400       0x10 c:/program files/microchip/xc32/v4.00/bin/bin/../../lib/gcc/pic32mx/8.3.1/../../../../pic32mx/lib\libpic32.a(vector26.o)
 .gnu.attributes
                0x0000000000000410       0x10 c:/program files/microchip/xc32/v4.00/bin/bin/../../lib/gcc/pic32mx/8.3.1/../../../../pic32mx/lib\libpic32.a(vector27.o)
 .gnu.attributes
                0x0000000000000420       0x10 c:/program files/microchip/xc32/v4.00/bin/bin/../../lib/gcc/pic32mx/8.3.1/../../../../pic32mx/lib\libpic32.a(vector28.o)
 .gnu.attributes
                0x0000000000000430       0x10 c:/program files/microchip/xc32/v4.00/bin/bin/../../lib/gcc/pic32mx/8.3.1/../../../../pic32mx/lib\libpic32.a(vector29.o)
 .gnu.attributes
                0x0000000000000440       0x10 c:/program files/microchip/xc32/v4.00/bin/bin/../../lib/gcc/pic32mx/8.3.1/../../../../pic32mx/lib\libpic32.a(vector30.o)
 .gnu.attributes
                0x0000000000000450       0x10 c:/program files/microchip/xc32/v4.00/bin/bin/../../lib/gcc/pic32mx/8.3.1/../../../../pic32mx/lib\libpic32.a(vector31.o)
 .gnu.attributes
                0x0000000000000460       0x10 c:/program files/microchip/xc32/v4.00/bin/bin/../../lib/gcc/pic32mx/8.3.1/../../../../pic32mx/lib\libpic32.a(vector32.o)
 .gnu.attributes
                0x0000000000000470       0x10 c:/program files/microchip/xc32/v4.00/bin/bin/../../lib/gcc/pic32mx/8.3.1/../../../../pic32mx/lib\libpic32.a(vector33.o)
 .gnu.attributes
                0x0000000000000480       0x10 c:/program files/microchip/xc32/v4.00/bin/bin/../../lib/gcc/pic32mx/8.3.1/../../../../pic32mx/lib\libpic32.a(vector34.o)
 .gnu.attributes
                0x0000000000000490       0x10 c:/program files/microchip/xc32/v4.00/bin/bin/../../lib/gcc/pic32mx/8.3.1/../../../../pic32mx/lib\libpic32.a(vector35.o)
 .gnu.attributes
                0x00000000000004a0       0x10 c:/program files/microchip/xc32/v4.00/bin/bin/../../lib/gcc/pic32mx/8.3.1/../../../../pic32mx/lib\libpic32.a(vector36.o)
 .gnu.attributes
                0x00000000000004b0       0x10 c:/program files/microchip/xc32/v4.00/bin/bin/../../lib/gcc/pic32mx/8.3.1/../../../../pic32mx/lib\libpic32.a(vector37.o)
 .gnu.attributes
                0x00000000000004c0       0x10 c:/program files/microchip/xc32/v4.00/bin/bin/../../lib/gcc/pic32mx/8.3.1/../../../../pic32mx/lib\libpic32.a(vector38.o)
 .gnu.attributes
                0x00000000000004d0       0x10 c:/program files/microchip/xc32/v4.00/bin/bin/../../lib/gcc/pic32mx/8.3.1/../../../../pic32mx/lib\libpic32.a(vector39.o)
 .gnu.attributes
                0x00000000000004e0       0x10 c:/program files/microchip/xc32/v4.00/bin/bin/../../lib/gcc/pic32mx/8.3.1/../../../../pic32mx/lib\libpic32.a(vector40.o)
 .gnu.attributes
                0x00000000000004f0       0x10 c:/program files/microchip/xc32/v4.00/bin/bin/../../lib/gcc/pic32mx/8.3.1/../../../../pic32mx/lib\libpic32.a(vector41.o)
 .gnu.attributes
                0x0000000000000500       0x10 c:/program files/microchip/xc32/v4.00/bin/bin/../../lib/gcc/pic32mx/8.3.1/../../../../pic32mx/lib\libpic32.a(vector42.o)
 .gnu.attributes
                0x0000000000000510       0x10 c:/program files/microchip/xc32/v4.00/bin/bin/../../lib/gcc/pic32mx/8.3.1/../../../../pic32mx/lib\libpic32.a(vector43.o)
 .gnu.attributes
                0x0000000000000520       0x10 c:/program files/microchip/xc32/v4.00/bin/bin/../../lib/gcc/pic32mx/8.3.1/../../../../pic32mx/lib\libpic32.a(vector44.o)
 .gnu.attributes
                0x0000000000000530       0x10 c:/program files/microchip/xc32/v4.00/bin/bin/../../lib/gcc/pic32mx/8.3.1/../../../../pic32mx/lib\libpic32.a(vector45.o)
 .gnu.attributes
                0x0000000000000540       0x10 c:/program files/microchip/xc32/v4.00/bin/bin/../../lib/gcc/pic32mx/8.3.1/../../../../pic32mx/lib\libpic32.a(vector46.o)
 .gnu.attributes
                0x0000000000000550       0x10 c:/program files/microchip/xc32/v4.00/bin/bin/../../lib/gcc/pic32mx/8.3.1/../../../../pic32mx/lib\libpic32.a(vector47.o)
 .gnu.attributes
                0x0000000000000560       0x10 c:/program files/microchip/xc32/v4.00/bin/bin/../../lib/gcc/pic32mx/8.3.1/../../../../pic32mx/lib\libpic32.a(vector48.o)
 .gnu.attributes
                0x0000000000000570       0x10 c:/program files/microchip/xc32/v4.00/bin/bin/../../lib/gcc/pic32mx/8.3.1/../../../../pic32mx/lib\libpic32.a(vector49.o)
 .gnu.attributes
                0x0000000000000580       0x10 c:/program files/microchip/xc32/v4.00/bin/bin/../../lib/gcc/pic32mx/8.3.1/../../../../pic32mx/lib\libpic32.a(vector50.o)
 .gnu.attributes
                0x0000000000000590       0x10 c:/program files/microchip/xc32/v4.00/bin/bin/../../lib/gcc/pic32mx/8.3.1/../../../../pic32mx/lib\libpic32.a(vector51.o)
 .gnu.attributes
                0x00000000000005a0       0x10 c:/program files/microchip/xc32/v4.00/bin/bin/../../lib/gcc/pic32mx/8.3.1/../../../../pic32mx/lib\libpic32.a(defaultinterrupt.o)
 .gnu.attributes
                0x00000000000005b0       0x10 c:/program files/microchip/xc32/v4.00/bin/bin/../../lib/gcc/pic32mx/8.3.1/../../../../pic32mx/lib\libm.a(dp32mul.o)
 .gnu.attributes
                0x00000000000005c0       0x10 c:/program files/microchip/xc32/v4.00/bin/bin/../../lib/gcc/pic32mx/8.3.1/../../../../pic32mx/lib\libm.a(dp32subadd.o)
 .gnu.attributes
                0x00000000000005d0       0x10 c:/program files/microchip/xc32/v4.00/bin/bin/../../lib/gcc/pic32mx/8.3.1/../../../../pic32mx/lib\libm.a(dptoul.o)
 .gnu.attributes
                0x00000000000005e0       0x10 c:/program files/microchip/xc32/v4.00/bin/bin/../../lib/gcc/pic32mx/8.3.1/../../../../pic32mx/lib\libm.a(fp32div.o)
 .gnu.attributes
                0x00000000000005f0       0x10 c:/program files/microchip/xc32/v4.00/bin/bin/../../lib/gcc/pic32mx/8.3.1/../../../../pic32mx/lib\libm.a(fp32mul.o)
 .gnu.attributes
                0x0000000000000600       0x10 c:/program files/microchip/xc32/v4.00/bin/bin/../../lib/gcc/pic32mx/8.3.1/../../../../pic32mx/lib\libm.a(fp32subadd.o)
 .gnu.attributes
                0x0000000000000610       0x10 c:/program files/microchip/xc32/v4.00/bin/bin/../../lib/gcc/pic32mx/8.3.1/../../../../pic32mx/lib\libm.a(fptodp.o)
 .gnu.attributes